Archive member included because of file (symbol)

e:/embedded/dave_4-4-2_64bit_2018-02-23/dave-ide-4.4.2-64bit/eclipse/arm-gcc-49/bin/../lib/gcc/arm-none-eabi/4.9.3/../../../../arm-none-eabi/lib/armv7e-m/fpu\libg_nano.a(lib_a-errno.o)
                              ./Libraries/Newlib/syscalls.o (__errno)
e:/embedded/dave_4-4-2_64bit_2018-02-23/dave-ide-4.4.2-64bit/eclipse/arm-gcc-49/bin/../lib/gcc/arm-none-eabi/4.9.3/../../../../arm-none-eabi/lib/armv7e-m/fpu\libg_nano.a(lib_a-impure.o)
                              e:/embedded/dave_4-4-2_64bit_2018-02-23/dave-ide-4.4.2-64bit/eclipse/arm-gcc-49/bin/../lib/gcc/arm-none-eabi/4.9.3/../../../../arm-none-eabi/lib/armv7e-m/fpu\libg_nano.a(lib_a-errno.o) (_impure_ptr)
e:/embedded/dave_4-4-2_64bit_2018-02-23/dave-ide-4.4.2-64bit/eclipse/arm-gcc-49/bin/../lib/gcc/arm-none-eabi/4.9.3/../../../../arm-none-eabi/lib/armv7e-m/fpu\libg_nano.a(lib_a-snprintf.o)
                              ./FreeRTOS-Plus-TCP/FreeRTOS_IP.o (snprintf)
e:/embedded/dave_4-4-2_64bit_2018-02-23/dave-ide-4.4.2-64bit/eclipse/arm-gcc-49/bin/../lib/gcc/arm-none-eabi/4.9.3/../../../../arm-none-eabi/lib/armv7e-m/fpu\libg_nano.a(lib_a-nano-svfprintf.o)
                              e:/embedded/dave_4-4-2_64bit_2018-02-23/dave-ide-4.4.2-64bit/eclipse/arm-gcc-49/bin/../lib/gcc/arm-none-eabi/4.9.3/../../../../arm-none-eabi/lib/armv7e-m/fpu\libg_nano.a(lib_a-snprintf.o) (_svfprintf_r)
e:/embedded/dave_4-4-2_64bit_2018-02-23/dave-ide-4.4.2-64bit/eclipse/arm-gcc-49/bin/../lib/gcc/arm-none-eabi/4.9.3/../../../../arm-none-eabi/lib/armv7e-m/fpu\libg_nano.a(lib_a-nano-vfprintf_i.o)
                              e:/embedded/dave_4-4-2_64bit_2018-02-23/dave-ide-4.4.2-64bit/eclipse/arm-gcc-49/bin/../lib/gcc/arm-none-eabi/4.9.3/../../../../arm-none-eabi/lib/armv7e-m/fpu\libg_nano.a(lib_a-nano-svfprintf.o) (_printf_i)
e:/embedded/dave_4-4-2_64bit_2018-02-23/dave-ide-4.4.2-64bit/eclipse/arm-gcc-49/bin/../lib/gcc/arm-none-eabi/4.9.3/../../../../arm-none-eabi/lib/armv7e-m/fpu\libg_nano.a(lib_a-memchr.o)
                              e:/embedded/dave_4-4-2_64bit_2018-02-23/dave-ide-4.4.2-64bit/eclipse/arm-gcc-49/bin/../lib/gcc/arm-none-eabi/4.9.3/../../../../arm-none-eabi/lib/armv7e-m/fpu\libg_nano.a(lib_a-nano-svfprintf.o) (memchr)
e:/embedded/dave_4-4-2_64bit_2018-02-23/dave-ide-4.4.2-64bit/eclipse/arm-gcc-49/bin/../lib/gcc/arm-none-eabi/4.9.3/../../../../arm-none-eabi/lib/armv7e-m/fpu\libg_nano.a(lib_a-nano-freer.o)
                              e:/embedded/dave_4-4-2_64bit_2018-02-23/dave-ide-4.4.2-64bit/eclipse/arm-gcc-49/bin/../lib/gcc/arm-none-eabi/4.9.3/../../../../arm-none-eabi/lib/armv7e-m/fpu\libg_nano.a(lib_a-nano-svfprintf.o) (_free_r)
e:/embedded/dave_4-4-2_64bit_2018-02-23/dave-ide-4.4.2-64bit/eclipse/arm-gcc-49/bin/../lib/gcc/arm-none-eabi/4.9.3/../../../../arm-none-eabi/lib/armv7e-m/fpu\libg_nano.a(lib_a-nano-mallocr.o)
                              e:/embedded/dave_4-4-2_64bit_2018-02-23/dave-ide-4.4.2-64bit/eclipse/arm-gcc-49/bin/../lib/gcc/arm-none-eabi/4.9.3/../../../../arm-none-eabi/lib/armv7e-m/fpu\libg_nano.a(lib_a-nano-svfprintf.o) (_malloc_r)
e:/embedded/dave_4-4-2_64bit_2018-02-23/dave-ide-4.4.2-64bit/eclipse/arm-gcc-49/bin/../lib/gcc/arm-none-eabi/4.9.3/../../../../arm-none-eabi/lib/armv7e-m/fpu\libg_nano.a(lib_a-nano-reallocr.o)
                              e:/embedded/dave_4-4-2_64bit_2018-02-23/dave-ide-4.4.2-64bit/eclipse/arm-gcc-49/bin/../lib/gcc/arm-none-eabi/4.9.3/../../../../arm-none-eabi/lib/armv7e-m/fpu\libg_nano.a(lib_a-nano-svfprintf.o) (_realloc_r)
e:/embedded/dave_4-4-2_64bit_2018-02-23/dave-ide-4.4.2-64bit/eclipse/arm-gcc-49/bin/../lib/gcc/arm-none-eabi/4.9.3/../../../../arm-none-eabi/lib/armv7e-m/fpu\libg_nano.a(lib_a-sbrkr.o)
                              e:/embedded/dave_4-4-2_64bit_2018-02-23/dave-ide-4.4.2-64bit/eclipse/arm-gcc-49/bin/../lib/gcc/arm-none-eabi/4.9.3/../../../../arm-none-eabi/lib/armv7e-m/fpu\libg_nano.a(lib_a-nano-mallocr.o) (_sbrk_r)
e:/embedded/dave_4-4-2_64bit_2018-02-23/dave-ide-4.4.2-64bit/eclipse/arm-gcc-49/bin/../lib/gcc/arm-none-eabi/4.9.3/../../../../arm-none-eabi/lib/armv7e-m/fpu\libg_nano.a(lib_a-nano-msizer.o)
                              e:/embedded/dave_4-4-2_64bit_2018-02-23/dave-ide-4.4.2-64bit/eclipse/arm-gcc-49/bin/../lib/gcc/arm-none-eabi/4.9.3/../../../../arm-none-eabi/lib/armv7e-m/fpu\libg_nano.a(lib_a-nano-reallocr.o) (_malloc_usable_size_r)
e:/embedded/dave_4-4-2_64bit_2018-02-23/dave-ide-4.4.2-64bit/eclipse/arm-gcc-49/bin/../lib/gcc/arm-none-eabi/4.9.3/../../../../arm-none-eabi/lib/armv7e-m/fpu\libg_nano.a(lib_a-reent.o)
                              e:/embedded/dave_4-4-2_64bit_2018-02-23/dave-ide-4.4.2-64bit/eclipse/arm-gcc-49/bin/../lib/gcc/arm-none-eabi/4.9.3/../../../../arm-none-eabi/lib/armv7e-m/fpu\libg_nano.a(lib_a-sbrkr.o) (errno)

Allocating common symbols
Common symbol       size              file

CAN1_Node_Control   0x4               ./Driver/CAN/cfg/src/dri_can_conf.o
[...]
Memory Configuration

Name             Origin             Length             Attributes
FLASH_1_cached   0x08000000         0x00100000         xr
FLASH_1_uncached 0x0c000000         0x00100000         xr
PSRAM_1          0x10000000         0x00010000         !xr
DSRAM_1_system   0x20000000         0x00010000         !xr
DSRAM_2_comm     0x30000000         0x00008000         !xr
SRAM_combined    0x1ffe8000         0x00058000         !xr
*default*        0x00000000         0xffffffff

Linker script and memory map

LOAD ./Startup/_boot_init.o
LOAD ./Startup/_startup.o
LOAD ./Startup/startup_XMC4500.o
LOAD ./Startup/system_XMC4500.o
LOAD ./Libraries/XMCLib/src/xmc4_eru.o
LOAD ./Libraries/XMCLib/src/xmc4_flash.o
LOAD ./Libraries/XMCLib/src/xmc4_gpio.o
LOAD ./Libraries/XMCLib/src/xmc4_rtc.o
LOAD ./Libraries/XMCLib/src/xmc4_scu.o
LOAD ./Libraries/XMCLib/src/xmc_can.o
LOAD ./Libraries/XMCLib/src/xmc_ccu4.o
LOAD ./Libraries/XMCLib/src/xmc_ccu8.o
LOAD ./Libraries/XMCLib/src/xmc_common.o
LOAD ./Libraries/XMCLib/src/xmc_dac.o
LOAD ./Libraries/XMCLib/src/xmc_dma.o
LOAD ./Libraries/XMCLib/src/xmc_dsd.o
LOAD ./Libraries/XMCLib/src/xmc_ebu.o
LOAD ./Libraries/XMCLib/src/xmc_ecat.o
LOAD ./Libraries/XMCLib/src/xmc_eru.o
LOAD ./Libraries/XMCLib/src/xmc_eth_mac.o
LOAD ./Libraries/XMCLib/src/xmc_eth_phy_dp83848.o
LOAD ./Libraries/XMCLib/src/xmc_eth_phy_ksz8031rnl.o
LOAD ./Libraries/XMCLib/src/xmc_eth_phy_ksz8081rnb.o
LOAD ./Libraries/XMCLib/src/xmc_fce.o
LOAD ./Libraries/XMCLib/src/xmc_gpio.o
LOAD ./Libraries/XMCLib/src/xmc_hrpwm.o
LOAD ./Libraries/XMCLib/src/xmc_i2c.o
LOAD ./Libraries/XMCLib/src/xmc_i2s.o
LOAD ./Libraries/XMCLib/src/xmc_ledts.o
LOAD ./Libraries/XMCLib/src/xmc_posif.o
LOAD ./Libraries/XMCLib/src/xmc_rtc.o
LOAD ./Libraries/XMCLib/src/xmc_sdmmc.o
LOAD ./Libraries/XMCLib/src/xmc_spi.o
LOAD ./Libraries/XMCLib/src/xmc_uart.o
LOAD ./Libraries/XMCLib/src/xmc_usbd.o
LOAD ./Libraries/XMCLib/src/xmc_usbh.o
LOAD ./Libraries/XMCLib/src/xmc_usic.o
LOAD ./Libraries/XMCLib/src/xmc_vadc.o
LOAD ./Libraries/XMCLib/src/xmc_wdt.o
LOAD ./Libraries/Newlib/syscalls.o
LOAD ./FreeRTOS/Source/portable/GCC/ARM_CM4F/port.o
LOAD ./FreeRTOS/Source/portable/Common/mpu_wrappers.o
LOAD ./FreeRTOS/Source/croutine.o
LOAD ./FreeRTOS/Source/event_groups.o
LOAD ./FreeRTOS/Source/list.o
LOAD ./FreeRTOS/Source/queue.o
LOAD ./FreeRTOS/Source/stream_buffer.o
LOAD ./FreeRTOS/Source/tasks.o
LOAD ./FreeRTOS/Source/timers.o
LOAD ./FreeRTOS/MemMang/heap_4.o
LOAD ./FreeRTOS-Plus-TCP/tools/tcp_dump_packets.o
LOAD ./FreeRTOS-Plus-TCP/tools/tcp_mem_stats.o
LOAD ./FreeRTOS-Plus-TCP/portable/NetworkInterface/board_family/NetworkInterface.o
LOAD ./FreeRTOS-Plus-TCP/portable/NetworkInterface/Common/phyHandling.o
LOAD ./FreeRTOS-Plus-TCP/portable/BufferManagement/BufferAllocation_2.o
LOAD ./FreeRTOS-Plus-TCP/FreeRTOS_ARP.o
LOAD ./FreeRTOS-Plus-TCP/FreeRTOS_DHCP.o
LOAD ./FreeRTOS-Plus-TCP/FreeRTOS_DNS.o
LOAD ./FreeRTOS-Plus-TCP/FreeRTOS_IP.o
LOAD ./FreeRTOS-Plus-TCP/FreeRTOS_RAW_IP.o
LOAD ./FreeRTOS-Plus-TCP/FreeRTOS_Sockets.o
LOAD ./FreeRTOS-Plus-TCP/FreeRTOS_Stream_Buffer.o
LOAD ./FreeRTOS-Plus-TCP/FreeRTOS_TCP_IP.o
LOAD ./FreeRTOS-Plus-TCP/FreeRTOS_TCP_WIN.o
LOAD ./FreeRTOS-Plus-TCP/FreeRTOS_UDP_IP.o
LOAD ./Driver/UART/src/dri_uart.o
LOAD ./Driver/UART/cfg/src/dri_uart_conf.o
LOAD ./Driver/SCU/src/dri_scu.o
LOAD ./Driver/SCU/cfg/src/dri_scu_conf.o
LOAD ./Driver/RTC/src/dri_rtc.o
LOAD ./Driver/RTC/cfg/src/dri_rtc_conf.o
LOAD ./Driver/MEM/src/dri_mem.o
LOAD ./Driver/GPIO/src/dri_gpio.o
LOAD ./Driver/GPIO/src/dri_gpio_pins.o
LOAD ./Driver/CAN/src/dri_can.o
LOAD ./Driver/CAN/cfg/src/dri_can_conf.o
LOAD ./CMSIS_RTOS_V2/cmsis_os2.o
LOAD ./App/src/client_task.o
LOAD ./App/src/led_task.o
LOAD ./App/src/server_task.o
LOAD ./interrupts.o
LOAD ./main.o
LOAD ./peripherals_hooks.o
LOAD ./rtos_hooks.o
LOAD e:/embedded/dave_4-4-2_64bit_2018-02-23/dave-ide-4.4.2-64bit/eclipse/arm-gcc-49/bin/../lib/gcc/arm-none-eabi/4.9.3/../../../../arm-none-eabi/lib/armv7e-m/fpu\libstdc++_nano.a
LOAD e:/embedded/dave_4-4-2_64bit_2018-02-23/dave-ide-4.4.2-64bit/eclipse/arm-gcc-49/bin/../lib/gcc/arm-none-eabi/4.9.3/../../../../arm-none-eabi/lib/armv7e-m/fpu\libm.a
START GROUP
LOAD e:/embedded/dave_4-4-2_64bit_2018-02-23/dave-ide-4.4.2-64bit/eclipse/arm-gcc-49/bin/../lib/gcc/arm-none-eabi/4.9.3/armv7e-m/fpu\libgcc.a
LOAD e:/embedded/dave_4-4-2_64bit_2018-02-23/dave-ide-4.4.2-64bit/eclipse/arm-gcc-49/bin/../lib/gcc/arm-none-eabi/4.9.3/../../../../arm-none-eabi/lib/armv7e-m/fpu\libg_nano.a
LOAD e:/embedded/dave_4-4-2_64bit_2018-02-23/dave-ide-4.4.2-64bit/eclipse/arm-gcc-49/bin/../lib/gcc/arm-none-eabi/4.9.3/../../../../arm-none-eabi/lib/armv7e-m/fpu\libc_nano.a
END GROUP
START GROUP
LOAD e:/embedded/dave_4-4-2_64bit_2018-02-23/dave-ide-4.4.2-64bit/eclipse/arm-gcc-49/bin/../lib/gcc/arm-none-eabi/4.9.3/armv7e-m/fpu\libgcc.a
LOAD e:/embedded/dave_4-4-2_64bit_2018-02-23/dave-ide-4.4.2-64bit/eclipse/arm-gcc-49/bin/../lib/gcc/arm-none-eabi/4.9.3/../../../../arm-none-eabi/lib/armv7e-m/fpu\libc_nano.a
LOAD e:/embedded/dave_4-4-2_64bit_2018-02-23/dave-ide-4.4.2-64bit/eclipse/arm-gcc-49/bin/../lib/gcc/arm-none-eabi/4.9.3/../../../../arm-none-eabi/lib/armv7e-m/fpu\libnosys.a
END GROUP
START GROUP
LOAD e:/embedded/dave_4-4-2_64bit_2018-02-23/dave-ide-4.4.2-64bit/eclipse/arm-gcc-49/bin/../lib/gcc/arm-none-eabi/4.9.3/armv7e-m/fpu\libgcc.a
LOAD e:/embedded/dave_4-4-2_64bit_2018-02-23/dave-ide-4.4.2-64bit/eclipse/arm-gcc-49/bin/../lib/gcc/arm-none-eabi/4.9.3/../../../../arm-none-eabi/lib/armv7e-m/fpu\libc_nano.a
LOAD e:/embedded/dave_4-4-2_64bit_2018-02-23/dave-ide-4.4.2-64bit/eclipse/arm-gcc-49/bin/../lib/gcc/arm-none-eabi/4.9.3/../../../../arm-none-eabi/lib/armv7e-m/fpu\libnosys.a
END GROUP
                0x00000800                stack_size = DEFINED (stack_size)?stack_size:0x800

.text           0x08000000     0xab38 load address 0x0c000000
                0x08000000                sText = .
 *(.Xmc4500.reset)
 .Xmc4500.reset
                0x08000000      0x21c ./Startup/startup_XMC4500.o
                0x08000000                __Xmc4500_interrupt_vector_cortex_m
                0x08000200                __Xmc4500_reset_cortex_m
 *(.Xmc4500.postreset)
 .Xmc4500.postreset
                0x0800021c       0xd4 ./Startup/startup_XMC4500.o
 *(.XmcStartup)
 .XmcStartup    0x080002f0        0x4 ./Startup/startup_XMC4500.o
                0x080002f0                SystemInit_DAVE4
 *(.text .text.* .gnu.linkonce.t.*)
 .text.init_system_before_main
                0x080002f4       0x8c ./Startup/_boot_init.o
                0x080002f4                init_system_before_main
 .text.__libc_init_array
                0x08000380       0x4c ./Startup/_startup.o
                0x08000380                __libc_init_array
 .text          0x080003cc      0x628 ./Startup/startup_XMC4500.o
                0x080003ce                NMI_Handler_Veneer
                0x080003da                HardFault_Handler_Veneer
                0x080003e6                MemManage_Handler_Veneer
                0x080003f2                BusFault_Handler_Veneer
                0x080003fe                UsageFault_Handler_Veneer
                0x0800040a                SVC_Handler_Veneer
                0x08000414                DebugMon_Handler
                0x08000416                DebugMon_Handler_Veneer
                0x08000422                PendSV_Handler_Veneer
                0x0800042e                SysTick_Handler_Veneer
                0x0800043a                SCU_0_IRQHandler_Veneer
                0x08000444                ERU0_0_IRQHandler
                0x08000446                ERU0_0_IRQHandler_Veneer
                0x08000450                ERU0_1_IRQHandler
                0x08000452                ERU0_1_IRQHandler_Veneer
                0x0800045c                ERU0_2_IRQHandler
                0x0800045e                ERU0_2_IRQHandler_Veneer
                0x08000468                ERU0_3_IRQHandler
                0x0800046a                ERU0_3_IRQHandler_Veneer
                0x08000474                ERU1_0_IRQHandler
                0x08000476                ERU1_0_IRQHandler_Veneer
                0x0800047e                ERU1_1_IRQHandler
                0x08000480                ERU1_1_IRQHandler_Veneer
                0x08000488                ERU1_2_IRQHandler
                0x0800048a                ERU1_2_IRQHandler_Veneer
                0x08000492                ERU1_3_IRQHandler
                0x08000494                ERU1_3_IRQHandler_Veneer
                0x0800049c                PMU0_0_IRQHandler
                0x0800049e                PMU0_0_IRQHandler_Veneer
                0x080004a6                VADC0_C0_0_IRQHandler
                0x080004a8                VADC0_C0_0_IRQHandler_Veneer
                0x080004b0                VADC0_C0_1_IRQHandler
                0x080004b2                VADC0_C0_1_IRQHandler_Veneer
                0x080004ba                VADC0_C0_2_IRQHandler
                0x080004bc                VADC0_C0_2_IRQHandler_Veneer
                0x080004c4                VADC0_C0_3_IRQHandler
                0x080004c6                VADC0_C0_3_IRQHandler_Veneer
                0x080004ce                VADC0_G0_0_IRQHandler
                0x080004d0                VADC0_G0_0_IRQHandler_Veneer
                0x080004d8                VADC0_G0_1_IRQHandler
                0x080004da                VADC0_G0_1_IRQHandler_Veneer
                0x080004e2                VADC0_G0_2_IRQHandler
                0x080004e4                VADC0_G0_2_IRQHandler_Veneer
                0x080004ec                VADC0_G0_3_IRQHandler
                0x080004ee                VADC0_G0_3_IRQHandler_Veneer
                0x080004f6                VADC0_G1_0_IRQHandler
                0x080004f8                VADC0_G1_0_IRQHandler_Veneer
                0x08000500                VADC0_G1_1_IRQHandler
                0x08000502                VADC0_G1_1_IRQHandler_Veneer
                0x0800050a                VADC0_G1_2_IRQHandler
                0x0800050c                VADC0_G1_2_IRQHandler_Veneer
                0x08000514                VADC0_G1_3_IRQHandler
                0x08000516                VADC0_G1_3_IRQHandler_Veneer
                0x0800051e                VADC0_G2_0_IRQHandler
                0x08000520                VADC0_G2_0_IRQHandler_Veneer
                0x08000528                VADC0_G2_1_IRQHandler
                0x0800052a                VADC0_G2_1_IRQHandler_Veneer
                0x08000532                VADC0_G2_2_IRQHandler
                0x08000534                VADC0_G2_2_IRQHandler_Veneer
                0x0800053c                VADC0_G2_3_IRQHandler
                0x0800053e                VADC0_G2_3_IRQHandler_Veneer
                0x08000546                VADC0_G3_0_IRQHandler
                0x08000548                VADC0_G3_0_IRQHandler_Veneer
                0x08000550                VADC0_G3_1_IRQHandler
                0x08000552                VADC0_G3_1_IRQHandler_Veneer
                0x0800055a                VADC0_G3_2_IRQHandler
                0x0800055c                VADC0_G3_2_IRQHandler_Veneer
                0x08000564                VADC0_G3_3_IRQHandler
                0x08000566                VADC0_G3_3_IRQHandler_Veneer
                0x0800056e                DSD0_0_IRQHandler
                0x08000570                DSD0_0_IRQHandler_Veneer
                0x08000578                DSD0_1_IRQHandler
                0x0800057a                DSD0_1_IRQHandler_Veneer
                0x08000582                DSD0_2_IRQHandler
                0x08000584                DSD0_2_IRQHandler_Veneer
                0x0800058c                DSD0_3_IRQHandler
                0x0800058e                DSD0_3_IRQHandler_Veneer
                0x08000596                DSD0_4_IRQHandler
                0x08000598                DSD0_4_IRQHandler_Veneer
                0x080005a0                DSD0_5_IRQHandler
                0x080005a2                DSD0_5_IRQHandler_Veneer
                0x080005aa                DSD0_6_IRQHandler
                0x080005ac                DSD0_6_IRQHandler_Veneer
                0x080005b4                DSD0_7_IRQHandler
                0x080005b6                DSD0_7_IRQHandler_Veneer
                0x080005be                DAC0_0_IRQHandler
                0x080005c0                DAC0_0_IRQHandler_Veneer
                0x080005c8                DAC0_1_IRQHandler
                0x080005ca                DAC0_1_IRQHandler_Veneer
                0x080005d2                CCU40_0_IRQHandler
                0x080005d4                CCU40_0_IRQHandler_Veneer
                0x080005dc                CCU40_1_IRQHandler
                0x080005de                CCU40_1_IRQHandler_Veneer
                0x080005e6                CCU40_2_IRQHandler
                0x080005e8                CCU40_2_IRQHandler_Veneer
                0x080005f0                CCU40_3_IRQHandler
                0x080005f2                CCU40_3_IRQHandler_Veneer
                0x080005fa                CCU41_0_IRQHandler
                0x080005fc                CCU41_0_IRQHandler_Veneer
                0x08000604                CCU41_1_IRQHandler
                0x08000606                CCU41_1_IRQHandler_Veneer
                0x0800060e                CCU41_2_IRQHandler
                0x08000610                CCU41_2_IRQHandler_Veneer
                0x08000618                CCU41_3_IRQHandler
                0x0800061a                CCU41_3_IRQHandler_Veneer
                0x08000622                CCU42_0_IRQHandler
                0x08000624                CCU42_0_IRQHandler_Veneer
                0x0800062c                CCU42_1_IRQHandler
                0x0800062e                CCU42_1_IRQHandler_Veneer
                0x08000636                CCU42_2_IRQHandler
                0x08000638                CCU42_2_IRQHandler_Veneer
                0x08000640                CCU42_3_IRQHandler
                0x08000642                CCU42_3_IRQHandler_Veneer
                0x0800064a                CCU43_0_IRQHandler
                0x0800064c                CCU43_0_IRQHandler_Veneer
                0x08000654                CCU43_1_IRQHandler
                0x08000656                CCU43_1_IRQHandler_Veneer
                0x0800065e                CCU43_2_IRQHandler
                0x08000660                CCU43_2_IRQHandler_Veneer
                0x08000668                CCU43_3_IRQHandler
                0x0800066a                CCU43_3_IRQHandler_Veneer
                0x08000672                CCU80_0_IRQHandler
                0x08000674                CCU80_0_IRQHandler_Veneer
                0x0800067c                CCU80_1_IRQHandler
                0x0800067e                CCU80_1_IRQHandler_Veneer
                0x08000686                CCU80_2_IRQHandler
                0x08000688                CCU80_2_IRQHandler_Veneer
                0x08000690                CCU80_3_IRQHandler
                0x08000692                CCU80_3_IRQHandler_Veneer
                0x0800069a                CCU81_0_IRQHandler
                0x0800069c                CCU81_0_IRQHandler_Veneer
                0x080006a4                CCU81_1_IRQHandler
                0x080006a6                CCU81_1_IRQHandler_Veneer
                0x080006ae                CCU81_2_IRQHandler
                0x080006b0                CCU81_2_IRQHandler_Veneer
                0x080006b8                CCU81_3_IRQHandler
                0x080006ba                CCU81_3_IRQHandler_Veneer
                0x080006c2                POSIF0_0_IRQHandler
                0x080006c4                POSIF0_0_IRQHandler_Veneer
                0x080006cc                POSIF0_1_IRQHandler
                0x080006ce                POSIF0_1_IRQHandler_Veneer
                0x080006d6                POSIF1_0_IRQHandler
                0x080006d8                POSIF1_0_IRQHandler_Veneer
                0x080006e0                POSIF1_1_IRQHandler
                0x080006e2                POSIF1_1_IRQHandler_Veneer
                0x080006ea                CAN0_0_IRQHandler
                0x080006ec                CAN0_0_IRQHandler_Veneer
                0x080006f4                CAN0_1_IRQHandler
                0x080006f6                CAN0_1_IRQHandler_Veneer
                0x08000700                CAN0_2_IRQHandler_Veneer
                0x0800070a                CAN0_3_IRQHandler_Veneer
                0x08000714                CAN0_4_IRQHandler_Veneer
                0x0800071e                CAN0_5_IRQHandler_Veneer
                0x08000728                CAN0_6_IRQHandler_Veneer
                0x08000732                CAN0_7_IRQHandler_Veneer
                0x0800073a                USIC0_0_IRQHandler
                0x0800073c                USIC0_0_IRQHandler_Veneer
                0x08000746                USIC0_1_IRQHandler_Veneer
                0x08000750                USIC0_2_IRQHandler_Veneer
                0x08000758                USIC0_3_IRQHandler
                0x0800075a                USIC0_3_IRQHandler_Veneer
                0x08000762                USIC0_4_IRQHandler
                0x08000764                USIC0_4_IRQHandler_Veneer
                0x0800076c                USIC0_5_IRQHandler
                0x0800076e                USIC0_5_IRQHandler_Veneer
                0x08000776                USIC1_0_IRQHandler
                0x08000778                USIC1_0_IRQHandler_Veneer
                0x08000780                USIC1_1_IRQHandler
                0x08000782                USIC1_1_IRQHandler_Veneer
                0x0800078a                USIC1_2_IRQHandler
                0x0800078c                USIC1_2_IRQHandler_Veneer
                0x08000794                USIC1_3_IRQHandler
                0x08000796                USIC1_3_IRQHandler_Veneer
                0x0800079e                USIC1_4_IRQHandler
                0x080007a0                USIC1_4_IRQHandler_Veneer
                0x080007a8                USIC1_5_IRQHandler
                0x080007aa                USIC1_5_IRQHandler_Veneer
                0x080007b2                USIC2_0_IRQHandler
                0x080007b4                USIC2_0_IRQHandler_Veneer
                0x080007bc                USIC2_1_IRQHandler
                0x080007be                USIC2_1_IRQHandler_Veneer
                0x080007c6                USIC2_2_IRQHandler
                0x080007c8                USIC2_2_IRQHandler_Veneer
                0x080007d0                USIC2_3_IRQHandler
                0x080007d2                USIC2_3_IRQHandler_Veneer
                0x080007da                USIC2_4_IRQHandler
                0x080007dc                USIC2_4_IRQHandler_Veneer
                0x080007e4                USIC2_5_IRQHandler
                0x080007e6                USIC2_5_IRQHandler_Veneer
                0x080007ee                LEDTS0_0_IRQHandler
                0x080007f0                LEDTS0_0_IRQHandler_Veneer
                0x080007f8                FCE0_0_IRQHandler
                0x080007fa                FCE0_0_IRQHandler_Veneer
                0x08000802                GPDMA0_0_IRQHandler
                0x08000804                GPDMA0_0_IRQHandler_Veneer
                0x0800080c                SDMMC0_0_IRQHandler
                0x0800080e                SDMMC0_0_IRQHandler_Veneer
                0x08000816                USB0_0_IRQHandler
                0x08000818                USB0_0_IRQHandler_Veneer
                0x08000822                ETH0_0_IRQHandler_Veneer
                0x0800082a                GPDMA1_0_IRQHandler
                0x0800082c                GPDMA1_0_IRQHandler_Veneer
                0x08000834                AllowPLLInitByStartup
 .text.SystemCoreClockUpdate
                0x080009f4       0x7c ./Startup/system_XMC4500.o
                0x080009f4                SystemCoreClockUpdate
 .text.SystemInit
                0x08000a70      0x334 ./Startup/system_XMC4500.o
                0x08000a70                SystemInit
 .text.XMC_GPIO_Init
                0x08000da4       0x8c ./Libraries/XMCLib/src/xmc4_gpio.o
                0x08000da4                XMC_GPIO_Init
 .text.XMC_RTC_Enable
                0x08000e30        0x8 ./Libraries/XMCLib/src/xmc4_rtc.o
                0x08000e30                XMC_RTC_Enable
 .text.XMC_RTC_Disable
                0x08000e38        0x4 ./Libraries/XMCLib/src/xmc4_rtc.o
                0x08000e38                XMC_RTC_Disable
 .text.XMC_RTC_Init
                0x08000e3c       0x78 ./Libraries/XMCLib/src/xmc4_rtc.o
                0x08000e3c                XMC_RTC_Init
 .text.XMC_RTC_EnableEvent
                0x08000eb4       0x20 ./Libraries/XMCLib/src/xmc4_rtc.o
                0x08000eb4                XMC_RTC_EnableEvent
 .text.XMC_RTC_EnableHibernationWakeUp
                0x08000ed4       0x20 ./Libraries/XMCLib/src/xmc4_rtc.o
                0x08000ed4                XMC_RTC_EnableHibernationWakeUp
 .text.XMC_SCU_INTERRUPT_EnableEvent
                0x08000ef4       0x10 ./Libraries/XMCLib/src/xmc4_scu.o
                0x08000ef4                XMC_SCU_INTERRUPT_EnableEvent
 .text.XMC_SCU_INTERUPT_GetEventStatus
                0x08000f04        0xc ./Libraries/XMCLib/src/xmc4_scu.o
                0x08000f04                XMC_SCU_INTERUPT_GetEventStatus
 .text.XMC_SCU_INTERRUPT_ClearEventStatus
                0x08000f10        0xc ./Libraries/XMCLib/src/xmc4_scu.o
                0x08000f10                XMC_SCU_INTERRUPT_ClearEventStatus
 .text.XMC_SCU_GetBootMode
                0x08000f1c       0x10 ./Libraries/XMCLib/src/xmc4_scu.o
                0x08000f1c                XMC_SCU_GetBootMode
 .text.XMC_SCU_TRAP_Enable
                0x08000f2c       0x10 ./Libraries/XMCLib/src/xmc4_scu.o
                0x08000f2c                XMC_SCU_TRAP_Enable
 .text.XMC_SCU_TRAP_GetStatus
                0x08000f3c        0xc ./Libraries/XMCLib/src/xmc4_scu.o
                0x08000f3c                XMC_SCU_TRAP_GetStatus
 .text.XMC_SCU_TRAP_ClearStatus
                0x08000f48        0xc ./Libraries/XMCLib/src/xmc4_scu.o
                0x08000f48                XMC_SCU_TRAP_ClearStatus
 .text.XMC_SCU_INTERRUPT_EnableNmiRequest
                0x08000f54       0x10 ./Libraries/XMCLib/src/xmc4_scu.o
                0x08000f54                XMC_SCU_INTERRUPT_EnableNmiRequest
 .text.XMC_SCU_RESET_AssertPeripheralReset
                0x08000f64       0x18 ./Libraries/XMCLib/src/xmc4_scu.o
                0x08000f64                XMC_SCU_RESET_AssertPeripheralReset
 .text.XMC_SCU_RESET_DeassertPeripheralReset
                0x08000f7c       0x18 ./Libraries/XMCLib/src/xmc4_scu.o
                0x08000f7c                XMC_SCU_RESET_DeassertPeripheralReset
 .text.XMC_SCU_CLOCK_GetPeripheralClockFrequency
                0x08000f94       0x18 ./Libraries/XMCLib/src/xmc4_scu.o
                0x08000f94                XMC_SCU_CLOCK_GetPeripheralClockFrequency
 .text.XMC_SCU_CLOCK_SetWdtClockSource
                0x08000fac       0x14 ./Libraries/XMCLib/src/xmc4_scu.o
                0x08000fac                XMC_SCU_CLOCK_SetWdtClockSource
 .text.XMC_SCU_HIB_SetRtcClockSource
                0x08000fc0       0x24 ./Libraries/XMCLib/src/xmc4_scu.o
                0x08000fc0                XMC_SCU_HIB_SetRtcClockSource
 .text.XMC_SCU_CLOCK_SetWdtClockDivider
                0x08000fe4       0x14 ./Libraries/XMCLib/src/xmc4_scu.o
                0x08000fe4                XMC_SCU_CLOCK_SetWdtClockDivider
 .text.XMC_SCU_CLOCK_EnableClock
                0x08000ff8        0xc ./Libraries/XMCLib/src/xmc4_scu.o
                0x08000ff8                XMC_SCU_CLOCK_EnableClock
 .text.XMC_SCU_POWER_GetEVR33Voltage
                0x08001004       0x24 ./Libraries/XMCLib/src/xmc4_scu.o
                0x08001004                XMC_SCU_POWER_GetEVR33Voltage
 .text.XMC_SCU_HIB_EnableHibernateDomain
                0x08001028       0x40 ./Libraries/XMCLib/src/xmc4_scu.o
                0x08001028                XMC_SCU_HIB_EnableHibernateDomain
 .text.XMC_SCU_HIB_IsHibernateDomainEnabled
                0x08001068       0x24 ./Libraries/XMCLib/src/xmc4_scu.o
                0x08001068                XMC_SCU_HIB_IsHibernateDomainEnabled
 .text.XMC_SCU_INTERRUPT_SetEventHandler
                0x0800108c       0x38 ./Libraries/XMCLib/src/xmc4_scu.o
                0x0800108c                XMC_SCU_INTERRUPT_SetEventHandler
 .text.XMC_SCU_IRQHandler
                0x080010c4       0x44 ./Libraries/XMCLib/src/xmc4_scu.o
                0x080010c4                XMC_SCU_IRQHandler
 .text.XMC_CAN_NODE_NominalBitTimeConfigureEx
                0x08001108       0xc8 ./Libraries/XMCLib/src/xmc_can.o
                0x08001108                XMC_CAN_NODE_NominalBitTimeConfigureEx
 .text.XMC_CAN_AllocateMOtoNodeList
                0x080011d0       0x1c ./Libraries/XMCLib/src/xmc_can.o
                0x080011d0                XMC_CAN_AllocateMOtoNodeList
 .text.XMC_CAN_Disable
                0x080011ec       0x14 ./Libraries/XMCLib/src/xmc_can.o
                0x080011ec                XMC_CAN_Disable
 .text.XMC_CAN_Enable
                0x08001200       0x20 ./Libraries/XMCLib/src/xmc_can.o
                0x08001200                XMC_CAN_Enable
 .text.XMC_CAN_InitEx
                0x08001220       0x48 ./Libraries/XMCLib/src/xmc_can.o
                0x08001220                XMC_CAN_InitEx
 .text.XMC_CAN_MO_UpdateData
                0x08001268       0x40 ./Libraries/XMCLib/src/xmc_can.o
                0x08001268                XMC_CAN_MO_UpdateData
 .text.XMC_CAN_MO_Config
                0x080012a8       0x9c ./Libraries/XMCLib/src/xmc_can.o
                0x080012a8                XMC_CAN_MO_Config
 .text.XMC_CAN_MO_ReceiveData
                0x08001344       0x3c ./Libraries/XMCLib/src/xmc_can.o
                0x08001344                XMC_CAN_MO_ReceiveData
 .text.XMC_CAN_NODE_EnableEvent
                0x08001380       0x18 ./Libraries/XMCLib/src/xmc_can.o
                0x08001380                XMC_CAN_NODE_EnableEvent
 .text.XMC_ETH_MAC_InitRxDescriptors
                0x08001398       0x64 ./Libraries/XMCLib/src/xmc_eth_mac.o
                0x08001398                XMC_ETH_MAC_InitRxDescriptors
 .text.XMC_ETH_MAC_InitTxDescriptors
                0x080013fc       0x5c ./Libraries/XMCLib/src/xmc_eth_mac.o
                0x080013fc                XMC_ETH_MAC_InitTxDescriptors
 .text.XMC_ETH_MAC_InitEx
                0x08001458       0x88 ./Libraries/XMCLib/src/xmc_eth_mac.o
                0x08001458                XMC_ETH_MAC_InitEx
 .text.XMC_ETH_MAC_GetRxFrameSize
                0x080014e0       0x2c ./Libraries/XMCLib/src/xmc_eth_mac.o
                0x080014e0                XMC_ETH_MAC_GetRxFrameSize
 .text.XMC_ETH_MAC_SetManagmentClockDivider
                0x0800150c       0x88 ./Libraries/XMCLib/src/xmc_eth_mac.o
                0x0800150c                XMC_ETH_MAC_SetManagmentClockDivider
 .text.XMC_ETH_MAC_Enable
                0x08001594       0x14 ./Libraries/XMCLib/src/xmc_eth_mac.o
                0x08001594                XMC_ETH_MAC_Enable
 .text.XMC_ETH_MAC_Init
                0x080015a8       0x28 ./Libraries/XMCLib/src/xmc_eth_mac.o
                0x080015a8                XMC_ETH_MAC_Init
 .text.XMC_ETH_MAC_ReadPhy
                0x080015d0       0x38 ./Libraries/XMCLib/src/xmc_eth_mac.o
                0x080015d0                XMC_ETH_MAC_ReadPhy
 .text.XMC_ETH_MAC_WritePhy
                0x08001608       0x3c ./Libraries/XMCLib/src/xmc_eth_mac.o
                0x08001608                XMC_ETH_MAC_WritePhy
 .text.XMC_ETH_MAC_EnableEvent
                0x08001644       0x34 ./Libraries/XMCLib/src/xmc_eth_mac.o
                0x08001644                XMC_ETH_MAC_EnableEvent
 .text.XMC_ETH_MAC_ClearEventStatus
                0x08001678       0x30 ./Libraries/XMCLib/src/xmc_eth_mac.o
                0x08001678                XMC_ETH_MAC_ClearEventStatus
 .text.XMC_ETH_MAC_GetEventStatus
                0x080016a8       0x18 ./Libraries/XMCLib/src/xmc_eth_mac.o
                0x080016a8                XMC_ETH_MAC_GetEventStatus
 .text.XMC_ETH_MAC_ReturnRxDescriptor
                0x080016c0       0x2c ./Libraries/XMCLib/src/xmc_eth_mac.o
                0x080016c0                XMC_ETH_MAC_ReturnRxDescriptor
 .text.XMC_ETH_MAC_ReturnTxDescriptor
                0x080016ec       0x38 ./Libraries/XMCLib/src/xmc_eth_mac.o
                0x080016ec                XMC_ETH_MAC_ReturnTxDescriptor
 .text.XMC_ETH_PHY_Reset
                0x08001724       0x34 ./Libraries/XMCLib/src/xmc_eth_phy_ksz8081rnb.o
                0x08001724                XMC_ETH_PHY_Reset
 .text.XMC_ETH_PHY_Init
                0x08001758       0x9c ./Libraries/XMCLib/src/xmc_eth_phy_ksz8081rnb.o
                0x08001758                XMC_ETH_PHY_Init
 .text.XMC_ETH_PHY_GetLinkStatus
                0x080017f4       0x1c ./Libraries/XMCLib/src/xmc_eth_phy_ksz8081rnb.o
                0x080017f4                XMC_ETH_PHY_GetLinkStatus
 .text.XMC_ETH_PHY_GetLinkSpeed
                0x08001810       0x28 ./Libraries/XMCLib/src/xmc_eth_phy_ksz8081rnb.o
                0x08001810                XMC_ETH_PHY_GetLinkSpeed
 .text.XMC_ETH_PHY_GetLinkDuplex
                0x08001838       0x28 ./Libraries/XMCLib/src/xmc_eth_phy_ksz8081rnb.o
                0x08001838                XMC_ETH_PHY_GetLinkDuplex
 .text.XMC_GPIO_SetHardwareControl
                0x08001860       0x20 ./Libraries/XMCLib/src/xmc_gpio.o
                0x08001860                XMC_GPIO_SetHardwareControl
 .text.XMC_RTC_Start
                0x08001880       0x20 ./Libraries/XMCLib/src/xmc_rtc.o
                0x08001880                XMC_RTC_Start
 .text.XMC_RTC_Stop
                0x080018a0       0x20 ./Libraries/XMCLib/src/xmc_rtc.o
                0x080018a0                XMC_RTC_Stop
 .text.XMC_RTC_SetPrescaler
                0x080018c0       0x24 ./Libraries/XMCLib/src/xmc_rtc.o
                0x080018c0                XMC_RTC_SetPrescaler
 .text.XMC_RTC_SetTime
                0x080018e4       0x30 ./Libraries/XMCLib/src/xmc_rtc.o
                0x080018e4                XMC_RTC_SetTime
 .text.XMC_RTC_GetTimeStdFormat
                0x08001914       0x50 ./Libraries/XMCLib/src/xmc_rtc.o
                0x08001914                XMC_RTC_GetTimeStdFormat
 .text.XMC_RTC_SetAlarm
                0x08001964       0x30 ./Libraries/XMCLib/src/xmc_rtc.o
                0x08001964                XMC_RTC_SetAlarm
 .text.XMC_RTC_GetAlarmStdFormat
                0x08001994       0x4c ./Libraries/XMCLib/src/xmc_rtc.o
                0x08001994                XMC_RTC_GetAlarmStdFormat
 .text.XMC_UART_CH_Init
                0x080019e0       0x70 ./Libraries/XMCLib/src/xmc_uart.o
                0x080019e0                XMC_UART_CH_Init
 .text.XMC_UART_CH_SetBaudrate
                0x08001a50       0x30 ./Libraries/XMCLib/src/xmc_uart.o
                0x08001a50                XMC_UART_CH_SetBaudrate
 .text.XMC_UART_CH_Transmit
                0x08001a80       0x24 ./Libraries/XMCLib/src/xmc_uart.o
                0x08001a80                XMC_UART_CH_Transmit
 .text.XMC_UART_CH_GetReceivedData
                0x08001aa4       0x14 ./Libraries/XMCLib/src/xmc_uart.o
                0x08001aa4                XMC_UART_CH_GetReceivedData
 .text.XMC_UART_CH_Stop
                0x08001ab8       0x24 ./Libraries/XMCLib/src/xmc_uart.o
                0x08001ab8                XMC_UART_CH_Stop
 .text.XMC_UART_CH_DisableEvent
                0x08001adc       0x1c ./Libraries/XMCLib/src/xmc_uart.o
                0x08001adc                XMC_UART_CH_DisableEvent
 .text.XMC_USIC_CH_Enable
                0x08001af8       0x70 ./Libraries/XMCLib/src/xmc_usic.o
                0x08001af8                XMC_USIC_CH_Enable
 .text.XMC_USIC_CH_SetBaudrate
                0x08001b68       0x90 ./Libraries/XMCLib/src/xmc_usic.o
                0x08001b68                XMC_USIC_CH_SetBaudrate
 .text.XMC_USIC_CH_TXFIFO_Configure
                0x08001bf8       0x2c ./Libraries/XMCLib/src/xmc_usic.o
                0x08001bf8                XMC_USIC_CH_TXFIFO_Configure
 .text.XMC_USIC_CH_RXFIFO_Configure
                0x08001c24       0x30 ./Libraries/XMCLib/src/xmc_usic.o
                0x08001c24                XMC_USIC_CH_RXFIFO_Configure
 .text.XMC_USIC_CH_RXFIFO_SetSizeTriggerLimit
                0x08001c54       0x24 ./Libraries/XMCLib/src/xmc_usic.o
                0x08001c54                XMC_USIC_CH_RXFIFO_SetSizeTriggerLimit
 .text.XMC_USIC_CH_TXFIFO_SetInterruptNodePointer
                0x08001c78       0x1c ./Libraries/XMCLib/src/xmc_usic.o
                0x08001c78                XMC_USIC_CH_TXFIFO_SetInterruptNodePointer
 .text.XMC_USIC_CH_RXFIFO_SetInterruptNodePointer
                0x08001c94       0x1c ./Libraries/XMCLib/src/xmc_usic.o
                0x08001c94                XMC_USIC_CH_RXFIFO_SetInterruptNodePointer
 .text.XMC_WDT_Enable
                0x08001cb0       0x14 ./Libraries/XMCLib/src/xmc_wdt.o
                0x08001cb0                XMC_WDT_Enable
 .text.XMC_WDT_Init
                0x08001cc4       0x1c ./Libraries/XMCLib/src/xmc_wdt.o
                0x08001cc4                XMC_WDT_Init
 .text.prvTaskExitError
                0x08001ce0       0x40 ./FreeRTOS/Source/portable/GCC/ARM_CM4F/port.o
 .text.prvPortStartFirstTask
                0x08001d20       0x28 ./FreeRTOS/Source/portable/GCC/ARM_CM4F/port.o
 .text.vPortEnableVFP
                0x08001d48       0x14 ./FreeRTOS/Source/portable/GCC/ARM_CM4F/port.o
 .text.pxPortInitialiseStack
                0x08001d5c       0x2c ./FreeRTOS/Source/portable/GCC/ARM_CM4F/port.o
                0x08001d5c                pxPortInitialiseStack
 *fill*         0x08001d88        0x8 
 .text.SVC_Handler
                0x08001d90       0x30 ./FreeRTOS/Source/portable/GCC/ARM_CM4F/port.o
                0x08001d90                SVC_Handler
 .text.vPortEnterCritical
                0x08001dc0       0x44 ./FreeRTOS/Source/portable/GCC/ARM_CM4F/port.o
                0x08001dc0                vPortEnterCritical
 .text.vPortExitCritical
                0x08001e04       0x2c ./FreeRTOS/Source/portable/GCC/ARM_CM4F/port.o
                0x08001e04                vPortExitCritical
 .text.PendSV_Handler
                0x08001e30       0x70 ./FreeRTOS/Source/portable/GCC/ARM_CM4F/port.o
                0x08001e30                PendSV_Handler
 .text.SysTick_Handler
                0x08001ea0       0x2c ./FreeRTOS/Source/portable/GCC/ARM_CM4F/port.o
                0x08001ea0                SysTick_Handler
 .text.vPortSetupTimerInterrupt
                0x08001ecc       0x38 ./FreeRTOS/Source/portable/GCC/ARM_CM4F/port.o
                0x08001ecc                vPortSetupTimerInterrupt
 .text.xPortStartScheduler
                0x08001f04      0x118 ./FreeRTOS/Source/portable/GCC/ARM_CM4F/port.o
                0x08001f04                xPortStartScheduler
 .text.vPortValidateInterruptPriority
                0x0800201c       0x5c ./FreeRTOS/Source/portable/GCC/ARM_CM4F/port.o
                0x0800201c                vPortValidateInterruptPriority
 .text.xEventGroupCreate
                0x08002078       0x1c ./FreeRTOS/Source/event_groups.o
                0x08002078                xEventGroupCreate
 .text.xEventGroupWaitBits
                0x08002094      0x128 ./FreeRTOS/Source/event_groups.o
                0x08002094                xEventGroupWaitBits
 .text.xEventGroupClearBits
                0x080021bc       0x48 ./FreeRTOS/Source/event_groups.o
                0x080021bc                xEventGroupClearBits
 .text.xEventGroupSetBits
                0x08002204       0x9c ./FreeRTOS/Source/event_groups.o
                0x08002204                xEventGroupSetBits
 .text.vEventGroupDelete
                0x080022a0       0x4c ./FreeRTOS/Source/event_groups.o
                0x080022a0                vEventGroupDelete
 .text.vListInitialise
                0x080022ec       0x18 ./FreeRTOS/Source/list.o
                0x080022ec                vListInitialise
 .text.vListInitialiseItem
                0x08002304        0x8 ./FreeRTOS/Source/list.o
                0x08002304                vListInitialiseItem
 .text.vListInsertEnd
                0x0800230c       0x18 ./FreeRTOS/Source/list.o
                0x0800230c                vListInsertEnd
 .text.vListInsert
                0x08002324       0x34 ./FreeRTOS/Source/list.o
                0x08002324                vListInsert
 .text.uxListRemove
                0x08002358       0x28 ./FreeRTOS/Source/list.o
                0x08002358                uxListRemove
 .text.prvIsQueueEmpty
                0x08002380       0x18 ./FreeRTOS/Source/queue.o
 .text.prvCopyDataToQueue
                0x08002398       0x78 ./FreeRTOS/Source/queue.o
 .text.prvCopyDataFromQueue
                0x08002410       0x24 ./FreeRTOS/Source/queue.o
 .text.prvUnlockQueue
                0x08002434       0x84 ./FreeRTOS/Source/queue.o
 .text.xQueueGenericReset
                0x080024b8       0x80 ./FreeRTOS/Source/queue.o
                0x080024b8                xQueueGenericReset
 .text.xQueueGenericCreate
                0x08002538       0x78 ./FreeRTOS/Source/queue.o
                0x08002538                xQueueGenericCreate
 .text.xQueueCreateCountingSemaphore
                0x080025b0       0x40 ./FreeRTOS/Source/queue.o
                0x080025b0                xQueueCreateCountingSemaphore
 .text.xQueueGenericSend
                0x080025f0      0x188 ./FreeRTOS/Source/queue.o
                0x080025f0                xQueueGenericSend
 .text.xQueueCreateMutex
                0x08002778       0x24 ./FreeRTOS/Source/queue.o
                0x08002778                xQueueCreateMutex
 .text.xQueueGenericSendFromISR
                0x0800279c       0xe4 ./FreeRTOS/Source/queue.o
                0x0800279c                xQueueGenericSendFromISR
 .text.xQueueGiveFromISR
                0x08002880       0xc8 ./FreeRTOS/Source/queue.o
                0x08002880                xQueueGiveFromISR
 .text.xQueueReceive
                0x08002948      0x150 ./FreeRTOS/Source/queue.o
                0x08002948                xQueueReceive
 .text.xQueueSemaphoreTake
                0x08002a98      0x19c ./FreeRTOS/Source/queue.o
                0x08002a98                xQueueSemaphoreTake
 .text.uxQueueMessagesWaiting
                0x08002c34       0x28 ./FreeRTOS/Source/queue.o
                0x08002c34                uxQueueMessagesWaiting
 .text.vQueueAddToRegistry
                0x08002c5c       0x34 ./FreeRTOS/Source/queue.o
                0x08002c5c                vQueueAddToRegistry
 .text.vQueueUnregisterQueue
                0x08002c90       0x34 ./FreeRTOS/Source/queue.o
                0x08002c90                vQueueUnregisterQueue
 .text.vQueueDelete
                0x08002cc4       0x24 ./FreeRTOS/Source/queue.o
                0x08002cc4                vQueueDelete
 .text.vQueueWaitForMessageRestricted
                0x08002ce8       0x4c ./FreeRTOS/Source/queue.o
                0x08002ce8                vQueueWaitForMessageRestricted
 .text.prvResetNextTaskUnblockTime
                0x08002d34       0x28 ./FreeRTOS/Source/tasks.o
 .text.prvAddCurrentTaskToDelayedList
                0x08002d5c       0x94 ./FreeRTOS/Source/tasks.o
 .text.prvIdleTask
                0x08002df0       0x74 ./FreeRTOS/Source/tasks.o
 .text.xTaskCreate
                0x08002e64      0x1e4 ./FreeRTOS/Source/tasks.o
                0x08002e64                xTaskCreate
 .text.vTaskDelete
                0x08003048       0xe0 ./FreeRTOS/Source/tasks.o
                0x08003048                vTaskDelete
 .text.vTaskStartScheduler
                0x08003128       0x84 ./FreeRTOS/Source/tasks.o
                0x08003128                vTaskStartScheduler
 .text.vTaskSuspendAll
                0x080031ac       0x10 ./FreeRTOS/Source/tasks.o
                0x080031ac                vTaskSuspendAll
 .text.xTaskGetTickCount
                0x080031bc        0xc ./FreeRTOS/Source/tasks.o
                0x080031bc                xTaskGetTickCount
 .text.xTaskIncrementTick
                0x080031c8      0x124 ./FreeRTOS/Source/tasks.o
                0x080031c8                xTaskIncrementTick
 .text.xTaskResumeAll
                0x080032ec       0xfc ./FreeRTOS/Source/tasks.o
                0x080032ec                xTaskResumeAll
 .text.vTaskDelayUntil
                0x080033e8       0xa4 ./FreeRTOS/Source/tasks.o
                0x080033e8                vTaskDelayUntil
 .text.vTaskDelay
                0x0800348c       0x4c ./FreeRTOS/Source/tasks.o
                0x0800348c                vTaskDelay
 .text.vTaskSwitchContext
                0x080034d8       0xac ./FreeRTOS/Source/tasks.o
                0x080034d8                vTaskSwitchContext
 .text.vTaskPlaceOnEventList
                0x08003584       0x30 ./FreeRTOS/Source/tasks.o
                0x08003584                vTaskPlaceOnEventList
 .text.vTaskPlaceOnUnorderedEventList
                0x080035b4       0x5c ./FreeRTOS/Source/tasks.o
                0x080035b4                vTaskPlaceOnUnorderedEventList
 .text.vTaskPlaceOnEventListRestricted
                0x08003610       0x3c ./FreeRTOS/Source/tasks.o
                0x08003610                vTaskPlaceOnEventListRestricted
 .text.xTaskRemoveFromEventList
                0x0800364c       0x88 ./FreeRTOS/Source/tasks.o
                0x0800364c                xTaskRemoveFromEventList
 .text.vTaskRemoveFromUnorderedEventList
                0x080036d4       0x88 ./FreeRTOS/Source/tasks.o
                0x080036d4                vTaskRemoveFromUnorderedEventList
 .text.vTaskSetTimeOutState
                0x0800375c       0x38 ./FreeRTOS/Source/tasks.o
                0x0800375c                vTaskSetTimeOutState
 .text.vTaskInternalSetTimeOutState
                0x08003794       0x18 ./FreeRTOS/Source/tasks.o
                0x08003794                vTaskInternalSetTimeOutState
 .text.xTaskCheckForTimeOut
                0x080037ac       0x84 ./FreeRTOS/Source/tasks.o
                0x080037ac                xTaskCheckForTimeOut
 .text.vTaskMissedYield
                0x08003830        0xc ./FreeRTOS/Source/tasks.o
                0x08003830                vTaskMissedYield
 .text.xTaskGetCurrentTaskHandle
                0x0800383c        0xc ./FreeRTOS/Source/tasks.o
                0x0800383c                xTaskGetCurrentTaskHandle
 .text.xTaskGetSchedulerState
                0x08003848       0x20 ./FreeRTOS/Source/tasks.o
                0x08003848                xTaskGetSchedulerState
 .text.xTaskPriorityInherit
                0x08003868       0xac ./FreeRTOS/Source/tasks.o
                0x08003868                xTaskPriorityInherit
 .text.xTaskPriorityDisinherit
                0x08003914       0xa8 ./FreeRTOS/Source/tasks.o
                0x08003914                xTaskPriorityDisinherit
 .text.vTaskPriorityDisinheritAfterTimeout
                0x080039bc       0xb4 ./FreeRTOS/Source/tasks.o
                0x080039bc                vTaskPriorityDisinheritAfterTimeout
 .text.uxTaskResetEventItemValue
                0x08003a70       0x18 ./FreeRTOS/Source/tasks.o
                0x08003a70                uxTaskResetEventItemValue
 .text.pvTaskIncrementMutexHeldCount
                0x08003a88       0x1c ./FreeRTOS/Source/tasks.o
                0x08003a88                pvTaskIncrementMutexHeldCount
 .text.prvInsertTimerInActiveList
                0x08003aa4       0x48 ./FreeRTOS/Source/timers.o
 .text.prvCheckForValidListAndQueue
                0x08003aec       0x58 ./FreeRTOS/Source/timers.o
 .text.xTimerCreateTimerTask
                0x08003b44       0x4c ./FreeRTOS/Source/timers.o
                0x08003b44                xTimerCreateTimerTask
 .text.xTimerGenericCommand
                0x08003b90       0x60 ./FreeRTOS/Source/timers.o
                0x08003b90                xTimerGenericCommand
 .text.prvSampleTimeNow
                0x08003bf0       0xb0 ./FreeRTOS/Source/timers.o
 .text.prvTimerTask
                0x08003ca0      0x1e4 ./FreeRTOS/Source/timers.o
 .text.prvInsertBlockIntoFreeList
                0x08003e84       0x58 ./FreeRTOS/MemMang/heap_4.o
 .text.pvPortMalloc
                0x08003edc      0x148 ./FreeRTOS/MemMang/heap_4.o
                0x08003edc                pvPortMalloc
 .text.vPortFree
                0x08004024       0x7c ./FreeRTOS/MemMang/heap_4.o
                0x08004024                vPortFree
 .text.prvEMACHandlerTask
                0x080040a0       0xf8 ./FreeRTOS-Plus-TCP/portable/NetworkInterface/board_family/NetworkInterface.o
 .text.xNetworkInterfaceInitialise
                0x08004198       0xcc ./FreeRTOS-Plus-TCP/portable/NetworkInterface/board_family/NetworkInterface.o
                0x08004198                xNetworkInterfaceInitialise
 .text.xNetworkInterfaceOutput
                0x08004264       0xb4 ./FreeRTOS-Plus-TCP/portable/NetworkInterface/board_family/NetworkInterface.o
                0x08004264                xNetworkInterfaceOutput
 .text.xGetPhyLinkStatus
                0x08004318       0x18 ./FreeRTOS-Plus-TCP/portable/NetworkInterface/board_family/NetworkInterface.o
                0x08004318                xGetPhyLinkStatus
 .text.initialize_ethernet_mac
                0x08004330      0x174 ./FreeRTOS-Plus-TCP/portable/NetworkInterface/board_family/NetworkInterface.o
                0x08004330                initialize_ethernet_mac
 .text.vApplicationIPNetworkEventHook
                0x080044a4       0x3c ./FreeRTOS-Plus-TCP/portable/NetworkInterface/board_family/NetworkInterface.o
                0x080044a4                vApplicationIPNetworkEventHook
 .text.vApplicationPingReplyHook
                0x080044e0        0x4 ./FreeRTOS-Plus-TCP/portable/NetworkInterface/board_family/NetworkInterface.o
                0x080044e0                vApplicationPingReplyHook
 .text.ETH0_0_IRQHandler
                0x080044e4       0x60 ./FreeRTOS-Plus-TCP/portable/NetworkInterface/board_family/NetworkInterface.o
                0x080044e4                ETH0_0_IRQHandler
 .text.xNetworkBuffersInitialise
                0x08004544       0x7c ./FreeRTOS-Plus-TCP/portable/BufferManagement/BufferAllocation_2.o
                0x08004544                xNetworkBuffersInitialise
 .text.vReleaseNetworkBuffer
                0x080045c0       0x10 ./FreeRTOS-Plus-TCP/portable/BufferManagement/BufferAllocation_2.o
                0x080045c0                vReleaseNetworkBuffer
 .text.vReleaseNetworkBufferAndDescriptor
                0x080045d0       0x44 ./FreeRTOS-Plus-TCP/portable/BufferManagement/BufferAllocation_2.o
                0x080045d0                vReleaseNetworkBufferAndDescriptor
 .text.pxGetNetworkBufferWithDescriptor
                0x08004614       0xa0 ./FreeRTOS-Plus-TCP/portable/BufferManagement/BufferAllocation_2.o
                0x08004614                pxGetNetworkBufferWithDescriptor
 .text.vARPRefreshCacheEntry
                0x080046b4      0x134 ./FreeRTOS-Plus-TCP/FreeRTOS_ARP.o
                0x080046b4                vARPRefreshCacheEntry
 .text.eARPProcessPacket
                0x080047e8       0xc4 ./FreeRTOS-Plus-TCP/FreeRTOS_ARP.o
                0x080047e8                eARPProcessPacket
 .text.eARPGetCacheEntry
                0x080048ac       0xc0 ./FreeRTOS-Plus-TCP/FreeRTOS_ARP.o
                0x080048ac                eARPGetCacheEntry
 .text.vARPGenerateRequestPacket
                0x0800496c       0x84 ./FreeRTOS-Plus-TCP/FreeRTOS_ARP.o
                0x0800496c                vARPGenerateRequestPacket
 .text.FreeRTOS_OutputARPRequest
                0x080049f0       0x48 ./FreeRTOS-Plus-TCP/FreeRTOS_ARP.o
                0x080049f0                FreeRTOS_OutputARPRequest
 .text.vARPAgeCache
                0x08004a38       0x78 ./FreeRTOS-Plus-TCP/FreeRTOS_ARP.o
                0x08004a38                vARPAgeCache
 .text.FreeRTOS_ClearARP
                0x08004ab0       0x14 ./FreeRTOS-Plus-TCP/FreeRTOS_ARP.o
                0x08004ab0                FreeRTOS_ClearARP
 .text.prvSkipNameField
                0x08004ac4       0x60 ./FreeRTOS-Plus-TCP/FreeRTOS_DNS.o
 .text.prvProcessDNSCache
                0x08004b24      0x12c ./FreeRTOS-Plus-TCP/FreeRTOS_DNS.o
 .text.prvParseDNSReply
                0x08004c50      0x294 ./FreeRTOS-Plus-TCP/FreeRTOS_DNS.o
 .text.vDNSInitialise
                0x08004ee4       0x10 ./FreeRTOS-Plus-TCP/FreeRTOS_DNS.o
                0x08004ee4                vDNSInitialise
 .text.vDNSCheckCallBack
                0x08004ef4       0x78 ./FreeRTOS-Plus-TCP/FreeRTOS_DNS.o
                0x08004ef4                vDNSCheckCallBack
 .text.ulDNSHandlePacket
                0x08004f6c       0x20 ./FreeRTOS-Plus-TCP/FreeRTOS_DNS.o
                0x08004f6c                ulDNSHandlePacket
 .text.prvIPTimerCheck
                0x08004f8c       0x60 ./FreeRTOS-Plus-TCP/FreeRTOS_IP.o
 .text.xIsCallingFromIPTask
                0x08004fec       0x18 ./FreeRTOS-Plus-TCP/FreeRTOS_IP.o
                0x08004fec                xIsCallingFromIPTask
 .text.pxUDPPayloadBuffer_to_NetworkBuffer
                0x08005004       0x18 ./FreeRTOS-Plus-TCP/FreeRTOS_IP.o
                0x08005004                pxUDPPayloadBuffer_to_NetworkBuffer
 .text.FreeRTOS_IPInit
                0x0800501c      0x190 ./FreeRTOS-Plus-TCP/FreeRTOS_IP.o
                0x0800501c                FreeRTOS_IPInit
 .text.xSendEventStructToIPTask
                0x080051ac       0x60 ./FreeRTOS-Plus-TCP/FreeRTOS_IP.o
                0x080051ac                xSendEventStructToIPTask
 .text.FreeRTOS_NetworkDown
                0x0800520c       0x20 ./FreeRTOS-Plus-TCP/FreeRTOS_IP.o
                0x0800520c                FreeRTOS_NetworkDown
 .text.xSendEventToIPTask
                0x0800522c       0x18 ./FreeRTOS-Plus-TCP/FreeRTOS_IP.o
                0x0800522c                xSendEventToIPTask
 .text.vIPNetworkUpCalls
                0x08005244       0x38 ./FreeRTOS-Plus-TCP/FreeRTOS_IP.o
                0x08005244                vIPNetworkUpCalls
 .text.prvProcessNetworkDownEvent
                0x0800527c       0x48 ./FreeRTOS-Plus-TCP/FreeRTOS_IP.o
 .text.xIsIPv4Multicast
                0x080052c4       0x28 ./FreeRTOS-Plus-TCP/FreeRTOS_IP.o
                0x080052c4                xIsIPv4Multicast
 .text.vSetMultiCastIPv4MacAddress
                0x080052ec       0x30 ./FreeRTOS-Plus-TCP/FreeRTOS_IP.o
                0x080052ec                vSetMultiCastIPv4MacAddress
 .text.usGenerateChecksum
                0x0800531c       0xe0 ./FreeRTOS-Plus-TCP/FreeRTOS_IP.o
                0x0800531c                usGenerateChecksum
 .text.usGenerateProtocolChecksum
                0x080053fc      0x144 ./FreeRTOS-Plus-TCP/FreeRTOS_IP.o
                0x080053fc                usGenerateProtocolChecksum
 .text.vReturnEthernetFrame
                0x08005540       0x2c ./FreeRTOS-Plus-TCP/FreeRTOS_IP.o
                0x08005540                vReturnEthernetFrame
 .text.prvIPTask
                0x0800556c      0x4a4 ./FreeRTOS-Plus-TCP/FreeRTOS_IP.o
 .text.vIPSetDnsTimerEnableState
                0x08005a10       0x20 ./FreeRTOS-Plus-TCP/FreeRTOS_IP.o
                0x08005a10                vIPSetDnsTimerEnableState
 .text.xIPIsNetworkTaskReady
                0x08005a30        0xc ./FreeRTOS-Plus-TCP/FreeRTOS_IP.o
                0x08005a30                xIPIsNetworkTaskReady
 .text.FreeRTOS_IsNetworkUp
                0x08005a3c        0xc ./FreeRTOS-Plus-TCP/FreeRTOS_IP.o
                0x08005a3c                FreeRTOS_IsNetworkUp
 .text.vProcessGeneratedRAWPacket
                0x08005a48      0x150 ./FreeRTOS-Plus-TCP/FreeRTOS_RAW_IP.o
                0x08005a48                vProcessGeneratedRAWPacket
 .text.prvValidSocket
                0x08005b98       0x28 ./FreeRTOS-Plus-TCP/FreeRTOS_Sockets.o
 .text.pxListFindListItemWithValue
                0x08005bc0       0x3c ./FreeRTOS-Plus-TCP/FreeRTOS_Sockets.o
 .text.vNetworkSocketsInit
                0x08005bfc       0x24 ./FreeRTOS-Plus-TCP/FreeRTOS_Sockets.o
                0x08005bfc                vNetworkSocketsInit
 .text.FreeRTOS_socket
                0x08005c20      0x1c8 ./FreeRTOS-Plus-TCP/FreeRTOS_Sockets.o
                0x08005c20                FreeRTOS_socket
 .text.FreeRTOS_recvfrom
                0x08005de8      0x158 ./FreeRTOS-Plus-TCP/FreeRTOS_Sockets.o
                0x08005de8                FreeRTOS_recvfrom
 .text.FreeRTOS_bind
                0x08005f40       0x88 ./FreeRTOS-Plus-TCP/FreeRTOS_Sockets.o
                0x08005f40                FreeRTOS_bind
 .text.FreeRTOS_sendto
                0x08005fc8      0x138 ./FreeRTOS-Plus-TCP/FreeRTOS_Sockets.o
                0x08005fc8                FreeRTOS_sendto
 .text.vSocketBind
                0x08006100      0x140 ./FreeRTOS-Plus-TCP/FreeRTOS_Sockets.o
                0x08006100                vSocketBind
 .text.FreeRTOS_closesocket
                0x08006240       0x30 ./FreeRTOS-Plus-TCP/FreeRTOS_Sockets.o
                0x08006240                FreeRTOS_closesocket
 .text.vSocketClose
                0x08006270       0xa4 ./FreeRTOS-Plus-TCP/FreeRTOS_Sockets.o
                0x08006270                vSocketClose
 .text.pxUDPSocketLookup
                0x08006314       0x2c ./FreeRTOS-Plus-TCP/FreeRTOS_Sockets.o
                0x08006314                pxUDPSocketLookup
 .text.FreeRTOS_inet_ntoa
                0x08006340       0xb8 ./FreeRTOS-Plus-TCP/FreeRTOS_Sockets.o
                0x08006340                FreeRTOS_inet_ntoa
 .text.FreeRTOS_inet_ntop4
                0x080063f8       0x20 ./FreeRTOS-Plus-TCP/FreeRTOS_Sockets.o
                0x080063f8                FreeRTOS_inet_ntop4
 .text.FreeRTOS_inet_ntop
                0x08006418       0x18 ./FreeRTOS-Plus-TCP/FreeRTOS_Sockets.o
                0x08006418                FreeRTOS_inet_ntop
 .text.FreeRTOS_inet_pton4
                0x08006430       0xc8 ./FreeRTOS-Plus-TCP/FreeRTOS_Sockets.o
                0x08006430                FreeRTOS_inet_pton4
 .text.FreeRTOS_inet_addr
                0x080064f8       0x18 ./FreeRTOS-Plus-TCP/FreeRTOS_Sockets.o
                0x080064f8                FreeRTOS_inet_addr
 .text.vSocketWakeUpUser
                0x08006510       0x34 ./FreeRTOS-Plus-TCP/FreeRTOS_Sockets.o
                0x08006510                vSocketWakeUpUser
 .text.FreeRTOS_accept
                0x08006544      0x12c ./FreeRTOS-Plus-TCP/FreeRTOS_Sockets.o
                0x08006544                FreeRTOS_accept
 .text.FreeRTOS_recv
                0x08006670      0x1b4 ./FreeRTOS-Plus-TCP/FreeRTOS_Sockets.o
                0x08006670                FreeRTOS_recv
 .text.FreeRTOS_send
                0x08006824      0x1b4 ./FreeRTOS-Plus-TCP/FreeRTOS_Sockets.o
                0x08006824                FreeRTOS_send
 .text.FreeRTOS_listen
                0x080069d8       0x94 ./FreeRTOS-Plus-TCP/FreeRTOS_Sockets.o
                0x080069d8                FreeRTOS_listen
 .text.FreeRTOS_shutdown
                0x08006a6c       0x40 ./FreeRTOS-Plus-TCP/FreeRTOS_Sockets.o
                0x08006a6c                FreeRTOS_shutdown
 .text.xTCPTimerCheck
                0x08006aac       0x8c ./FreeRTOS-Plus-TCP/FreeRTOS_Sockets.o
                0x08006aac                xTCPTimerCheck
 .text.pxTCPSocketLookup
                0x08006b38       0x50 ./FreeRTOS-Plus-TCP/FreeRTOS_Sockets.o
                0x08006b38                pxTCPSocketLookup
 .text.lTCPAddRxdata
                0x08006b88       0xf4 ./FreeRTOS-Plus-TCP/FreeRTOS_Sockets.o
                0x08006b88                lTCPAddRxdata
 .text.FreeRTOS_tx_space
                0x08006c7c       0x2c ./FreeRTOS-Plus-TCP/FreeRTOS_Sockets.o
                0x08006c7c                FreeRTOS_tx_space
 .text.FreeRTOS_tx_size
                0x08006ca8       0x28 ./FreeRTOS-Plus-TCP/FreeRTOS_Sockets.o
                0x08006ca8                FreeRTOS_tx_size
 .text.FreeRTOS_setsockopt
                0x08006cd0      0x2d4 ./FreeRTOS-Plus-TCP/FreeRTOS_Sockets.o
                0x08006cd0                FreeRTOS_setsockopt
 .text.FreeRTOS_rx_size
                0x08006fa4       0x28 ./FreeRTOS-Plus-TCP/FreeRTOS_Sockets.o
                0x08006fa4                FreeRTOS_rx_size
 .text.vSocketSelect
                0x08006fcc      0x1a0 ./FreeRTOS-Plus-TCP/FreeRTOS_Sockets.o
                0x08006fcc                vSocketSelect
 .text.FreeRTOS_SignalSocket
                0x0800716c       0x34 ./FreeRTOS-Plus-TCP/FreeRTOS_Sockets.o
                0x0800716c                FreeRTOS_SignalSocket
 .text.uxStreamBufferAdd
                0x080071a0       0xc8 ./FreeRTOS-Plus-TCP/FreeRTOS_Stream_Buffer.o
                0x080071a0                uxStreamBufferAdd
 .text.uxStreamBufferGet
                0x08007268       0x7c ./FreeRTOS-Plus-TCP/FreeRTOS_Stream_Buffer.o
                0x08007268                uxStreamBufferGet
 .text.prvTCPAddTxData
                0x080072e4       0x54 ./FreeRTOS-Plus-TCP/FreeRTOS_TCP_IP.o
 .text.prvTCPReturnPacket
                0x08007338      0x214 ./FreeRTOS-Plus-TCP/FreeRTOS_TCP_IP.o
 .text.prvTCPSendReset
                0x0800754c       0x20 ./FreeRTOS-Plus-TCP/FreeRTOS_TCP_IP.o
 .text.prvTCPCreateWindow
                0x0800756c       0x34 ./FreeRTOS-Plus-TCP/FreeRTOS_TCP_IP.o
 .text.prvTCPNextTimeout
                0x080075a0       0xcc ./FreeRTOS-Plus-TCP/FreeRTOS_TCP_IP.o
 .text.vTCPStateChange
                0x0800766c      0x1c8 ./FreeRTOS-Plus-TCP/FreeRTOS_TCP_IP.o
                0x0800766c                vTCPStateChange
 .text.prvTCPPrepareSend
                0x08007834      0x2d0 ./FreeRTOS-Plus-TCP/FreeRTOS_TCP_IP.o
 .text.prvTCPSendRepeated
                0x08007b04       0x38 ./FreeRTOS-Plus-TCP/FreeRTOS_TCP_IP.o
 .text.xTCPSocketCheck
                0x08007b3c      0x2e8 ./FreeRTOS-Plus-TCP/FreeRTOS_TCP_IP.o
                0x08007b3c                xTCPSocketCheck
 .text.prvTCPHandleFin
                0x08007e24       0xe8 ./FreeRTOS-Plus-TCP/FreeRTOS_TCP_IP.o
 .text.xProcessReceivedTCPPacket
                0x08007f0c      0xb94 ./FreeRTOS-Plus-TCP/FreeRTOS_TCP_IP.o
                0x08007f0c                xProcessReceivedTCPPacket
 .text.xTCPCheckNewClient
                0x08008aa0       0x50 ./FreeRTOS-Plus-TCP/FreeRTOS_TCP_IP.o
                0x08008aa0                xTCPCheckNewClient
 .text.vListInsertGeneric
                0x08008af0       0x18 ./FreeRTOS-Plus-TCP/FreeRTOS_TCP_WIN.o
 .text.xTCPWindowRxFind
                0x08008b08       0x34 ./FreeRTOS-Plus-TCP/FreeRTOS_TCP_WIN.o
 .text.prvTCPWindowTxHasSpace
                0x08008b3c       0x54 ./FreeRTOS-Plus-TCP/FreeRTOS_TCP_WIN.o
 .text.vTCPWindowFree
                0x08008b90       0x38 ./FreeRTOS-Plus-TCP/FreeRTOS_TCP_WIN.o
 .text.xTCPWindowNew
                0x08008bc8       0x98 ./FreeRTOS-Plus-TCP/FreeRTOS_TCP_WIN.o
 .text.prvTCPWindowTxCheckAck
                0x08008c60      0x100 ./FreeRTOS-Plus-TCP/FreeRTOS_TCP_WIN.o
 .text.xTCPWindowRxEmpty
                0x08008d60       0x18 ./FreeRTOS-Plus-TCP/FreeRTOS_TCP_WIN.o
                0x08008d60                xTCPWindowRxEmpty
 .text.vTCPWindowDestroy
                0x08008d78       0x44 ./FreeRTOS-Plus-TCP/FreeRTOS_TCP_WIN.o
                0x08008d78                vTCPWindowDestroy
 .text.vTCPWindowInit
                0x08008dbc       0x50 ./FreeRTOS-Plus-TCP/FreeRTOS_TCP_WIN.o
                0x08008dbc                vTCPWindowInit
 .text.vTCPWindowCreate
                0x08008e0c       0x9c ./FreeRTOS-Plus-TCP/FreeRTOS_TCP_WIN.o
                0x08008e0c                vTCPWindowCreate
 .text.lTCPWindowRxCheck
                0x08008ea8      0x160 ./FreeRTOS-Plus-TCP/FreeRTOS_TCP_WIN.o
                0x08008ea8                lTCPWindowRxCheck
 .text.lTCPWindowTxAdd
                0x08009008       0xd0 ./FreeRTOS-Plus-TCP/FreeRTOS_TCP_WIN.o
                0x08009008                lTCPWindowTxAdd
 .text.xTCPWindowTxDone
                0x080090d8        0xc ./FreeRTOS-Plus-TCP/FreeRTOS_TCP_WIN.o
                0x080090d8                xTCPWindowTxDone
 .text.xTCPWindowTxHasData
                0x080090e4       0x74 ./FreeRTOS-Plus-TCP/FreeRTOS_TCP_WIN.o
                0x080090e4                xTCPWindowTxHasData
 .text.ulTCPWindowTxGet
                0x08009158      0x13c ./FreeRTOS-Plus-TCP/FreeRTOS_TCP_WIN.o
                0x08009158                ulTCPWindowTxGet
 .text.ulTCPWindowTxAck
                0x08009294       0x18 ./FreeRTOS-Plus-TCP/FreeRTOS_TCP_WIN.o
                0x08009294                ulTCPWindowTxAck
 .text.ulTCPWindowTxSack
                0x080092ac       0x64 ./FreeRTOS-Plus-TCP/FreeRTOS_TCP_WIN.o
                0x080092ac                ulTCPWindowTxSack
 .text.vProcessGeneratedUDPPacket
                0x08009310       0xf8 ./FreeRTOS-Plus-TCP/FreeRTOS_UDP_IP.o
                0x08009310                vProcessGeneratedUDPPacket
 .text.xProcessReceivedUDPPacket
                0x08009408       0xac ./FreeRTOS-Plus-TCP/FreeRTOS_UDP_IP.o
                0x08009408                xProcessReceivedUDPPacket
 .text.UART_get_channel
                0x080094b4       0x50 ./Driver/UART/src/dri_uart.o
 .text.reconfigure_rx_fifo
                0x08009504       0x20 ./Driver/UART/src/dri_uart.o
 .text.UART_init
                0x08009524      0x204 ./Driver/UART/src/dri_uart.o
                0x08009524                UART_init
 .text.UART_set_baud
                0x08009728       0x80 ./Driver/UART/src/dri_uart.o
                0x08009728                UART_set_baud
 .text.UART_transmit
                0x080097a8       0xf0 ./Driver/UART/src/dri_uart.o
                0x080097a8                UART_transmit
 .text.UART_receive
                0x08009898      0x160 ./Driver/UART/src/dri_uart.o
                0x08009898                UART_receive
 .text.UART_abort
                0x080099f8      0x104 ./Driver/UART/src/dri_uart.o
                0x080099f8                UART_abort
 .text.UART_isr_entry
                0x08009afc      0x1e8 ./Driver/UART/src/dri_uart.o
                0x08009afc                UART_isr_entry
 .text.USIC0_2_IRQHandler
                0x08009ce4       0x10 ./Driver/UART/cfg/src/dri_uart_conf.o
                0x08009ce4                USIC0_2_IRQHandler
 .text.USIC0_1_IRQHandler
                0x08009cf4       0x10 ./Driver/UART/cfg/src/dri_uart_conf.o
                0x08009cf4                USIC0_1_IRQHandler
 .text.SCU_init
                0x08009d04       0xf4 ./Driver/SCU/src/dri_scu.o
                0x08009d04                SCU_init
 .text.SCU_Trap_Handler
                0x08009df8        0x4 ./Driver/SCU/cfg/src/dri_scu_conf.o
                0x08009df8                SCU_Trap_Handler
 .text.SCU_0_IRQHandler
                0x08009dfc        0xc ./Driver/SCU/cfg/src/dri_scu_conf.o
                0x08009dfc                SCU_0_IRQHandler
 .text.RTC_init
                0x08009e08       0xb0 ./Driver/RTC/src/dri_rtc.o
                0x08009e08                RTC_init
 .text.RTC_Event_Handler
                0x08009eb8        0x4 ./Driver/RTC/cfg/src/dri_rtc_conf.o
                0x08009eb8                RTC_Event_Handler
 .text.memcmp   0x08009ebc       0x28 ./Driver/MEM/src/dri_mem.o
                0x08009ebc                memcmp
 .text.memcpy   0x08009ee4       0x1c ./Driver/MEM/src/dri_mem.o
                0x08009ee4                memcpy
 .text.memmove  0x08009f00       0x3c ./Driver/MEM/src/dri_mem.o
                0x08009f00                memmove
 .text.memset   0x08009f3c       0x10 ./Driver/MEM/src/dri_mem.o
                0x08009f3c                memset
 .text.strcmp   0x08009f4c        0xc ./Driver/MEM/src/dri_mem.o
                0x08009f4c                strcmp
 .text.strcpy   0x08009f58       0x1c ./Driver/MEM/src/dri_mem.o
                0x08009f58                strcpy
 .text.strlen   0x08009f74       0x18 ./Driver/MEM/src/dri_mem.o
                0x08009f74                strlen
 .text._ZN11GPIO_Pins__4initEv
                0x08009f8c       0x4c ./Driver/GPIO/src/dri_gpio_pins.o
                0x08009f8c                GPIO_Pins__::init()
 .text.gpio_init_c
                0x08009fd8        0x8 ./Driver/GPIO/src/dri_gpio_pins.o
                0x08009fd8                gpio_init_c
 .text.CAN_module_init
                0x08009fe0       0x48 ./Driver/CAN/src/dri_can.o
                0x08009fe0                CAN_module_init
 .text.CAN_node_init
                0x0800a028      0x2f4 ./Driver/CAN/src/dri_can.o
                0x0800a028                CAN_node_init
 .text.CAN_ISR_Handler_Entry
                0x0800a31c       0x6c ./Driver/CAN/cfg/src/dri_can_conf.o
                0x0800a31c                CAN_ISR_Handler_Entry
 .text.CAN0_2_IRQHandler
                0x0800a388       0x30 ./Driver/CAN/cfg/src/dri_can_conf.o
                0x0800a388                CAN0_2_IRQHandler
 .text.CAN0_3_IRQHandler
                0x0800a3b8       0x3c ./Driver/CAN/cfg/src/dri_can_conf.o
                0x0800a3b8                CAN0_3_IRQHandler
 .text.CAN0_4_IRQHandler
                0x0800a3f4       0x30 ./Driver/CAN/cfg/src/dri_can_conf.o
                0x0800a3f4                CAN0_4_IRQHandler
 .text.CAN0_5_IRQHandler
                0x0800a424       0x30 ./Driver/CAN/cfg/src/dri_can_conf.o
                0x0800a424                CAN0_5_IRQHandler
 .text.CAN0_6_IRQHandler
                0x0800a454       0x3c ./Driver/CAN/cfg/src/dri_can_conf.o
                0x0800a454                CAN0_6_IRQHandler
 .text.CAN0_7_IRQHandler
                0x0800a490       0x30 ./Driver/CAN/cfg/src/dri_can_conf.o
                0x0800a490                CAN0_7_IRQHandler
 .text._ZN12ClientTask__11client_bodyEPv
                0x0800a4c0      0x100 ./App/src/client_task.o
                0x0800a4c0                ClientTask__::client_body(void*)
 .text._ZN9LedTask__6xvinitEv
                0x0800a5c0       0x30 ./App/src/led_task.o
                0x0800a5c0                LedTask__::xvinit()
 .text._ZN9LedTask__11xvTaskEntryEPv
                0x0800a5f0       0x30 ./App/src/led_task.o
                0x0800a5f0                LedTask__::xvTaskEntry(void*)
 .text._ZN9LedTask__17xsvTaskEntryPointEPv
                0x0800a620        0x8 ./App/src/led_task.o
                0x0800a620                LedTask__::xsvTaskEntryPoint(void*)
 .text._ZN12ClientTask__12client_entryEPv
                0x0800a628        0xc ./App/src/server_task.o
                0x0800a628                ClientTask__::client_entry(void*)
 .text.raw_udp_server
                0x0800a634       0xa8 ./App/src/server_task.o
                0x0800a634                raw_udp_server
 .text._ZN12ServerTask__11server_bodyEPv
                0x0800a6dc      0x110 ./App/src/server_task.o
                0x0800a6dc                ServerTask__::server_body(void*)
 .text._ZN12ServerTask__19server_handler_bodyEPv
                0x0800a7ec       0xdc ./App/src/server_task.o
                0x0800a7ec                ServerTask__::server_handler_body(void*)
 .text._ZN12ServerTask__20server_handler_entryEPv
                0x0800a8c8        0xc ./App/src/server_task.o
                0x0800a8c8                ServerTask__::server_handler_entry(void*)
 .text.BusFault_Handler
                0x0800a8d4        0x4 ./interrupts.o
                0x0800a8d4                BusFault_Handler
 .text.HardFault_Handler
                0x0800a8d8        0x4 ./interrupts.o
                0x0800a8d8                HardFault_Handler
 .text.MemManage_Handler
                0x0800a8dc        0x4 ./interrupts.o
                0x0800a8dc                MemManage_Handler
 .text.UsageFault_Handler
                0x0800a8e0        0x4 ./interrupts.o
                0x0800a8e0                UsageFault_Handler
 .text.NMI_Handler
                0x0800a8e4       0x48 ./interrupts.o
                0x0800a8e4                NMI_Handler
 .text._ZN9LedTask__D2Ev
                0x0800a92c       0x18 ./main.o
                0x0800a92c                LedTask__::~LedTask__()
                0x0800a92c                LedTask__::~LedTask__()
 .text._ZN9LedTask__D0Ev
                0x0800a944       0x1c ./main.o
                0x0800a944                LedTask__::~LedTask__()
 .text._ZN12ServerTask__12server_entryEPv
                0x0800a960        0xc ./main.o
                0x0800a960                ServerTask__::server_entry(void*)
 .text.main     0x0800a96c       0x9c ./main.o
                0x0800a96c                main
 .text.init_user_before_main
                0x0800aa08       0x5c ./main.o
                0x0800aa08                init_user_before_main
 .text.UART_callback_handler
                0x0800aa64       0x30 ./peripherals_hooks.o
                0x0800aa64                UART_callback_handler
 .text.CAN_callback_handler
                0x0800aa94       0x48 ./peripherals_hooks.o
                0x0800aa94                CAN_callback_handler
 .text.SCU_callback_handler
                0x0800aadc        0x4 ./peripherals_hooks.o
                0x0800aadc                SCU_callback_handler
 .text.RTC_callback_handler
                0x0800aae0        0x4 ./peripherals_hooks.o
                0x0800aae0                RTC_callback_handler
 .text.vApplicationStackOverflowHook
                0x0800aae4        0x4 ./rtos_hooks.o
                0x0800aae4                vApplicationStackOverflowHook
 .text.vApplicationIdleHook
                0x0800aae8       0x18 ./rtos_hooks.o
                0x0800aae8                vApplicationIdleHook
 .text.vApplicationMallocFailedHook
                0x0800ab00        0x4 ./rtos_hooks.o
                0x0800ab00                vApplicationMallocFailedHook
 .text.uxRand   0x0800ab04       0x1c ./rtos_hooks.o
                0x0800ab04                uxRand
 .text.ulApplicationGetNextSequenceNumber
                0x0800ab20        0x8 ./rtos_hooks.o
                0x0800ab20                ulApplicationGetNextSequenceNumber
 .text.xApplicationGetRandomNumber
                0x0800ab28       0x10 ./rtos_hooks.o
                0x0800ab28                xApplicationGetRandomNumber
 *(.glue*)
 .glue_7        0x00000000        0x0 linker stubs
 .glue_7t       0x00000000        0x0 linker stubs
 *(.v4*)
 .v4_bx         0x00000000        0x0 linker stubs
 *(.vfp11_veneer)
 .vfp11_veneer  0x00000000        0x0 linker stubs
 *(.init)
                0x0800ab38                __preinit_array_start = .
 *(.preinit_array)
                0x0800ab38                __preinit_array_end = .
                0x0800ab38                __init_array_start = .
 *(SORT(.init_array.*))
 *(.init_array)
                0x0800ab38                __init_array_end = .
 *crtbegin.o(.ctors)
 *(EXCLUDE_FILE(*crtend.o) .ctors)
 *(SORT(.ctors.*))
 *crtend.o(.ctors)
 *(.fini)
                0x0800ab38                __fini_array_start = .
 *(.fini_array)
 *(SORT(.fini_array.*))
                0x0800ab38                __fini_array_end = .
 *crtbegin.o(.dtors)
 *(EXCLUDE_FILE(*crtend.o) .dtors)
 *(SORT(.dtors.*))
 *crtend.o(.dtors)
                0x0800ab38                __extab_start = .
 *(.ARM.extab* .gnu.linkonce.armextab.*)
                0x0800ab38                . = ALIGN (0x4)
                0x0800ab38                __extab_end = ABSOLUTE (.)

.iplt           0x0800ab38        0x0 load address 0x0c00ab38
 .iplt          0x00000000        0x0 ./Startup/_boot_init.o

.ARM.exidx      0x0800ab38       0x10 load address 0x0c00ab38
                0x0800ab38                __exidx_start = .
 *(.ARM.exidx* .gnu.linkonce.armexidx.*)
 .ARM.exidx.Xmc4500.reset
                0x0800ab38        0x8 ./Startup/startup_XMC4500.o
 .ARM.exidx.Xmc4500.postreset
                0x0800ab40        0x8 ./Startup/startup_XMC4500.o
                0x0800ab48                . = ALIGN (0x4)
                0x0800ab48                __exidx_end = ABSOLUTE (.)

.rodata         0x0800ab48      0x2d8 load address 0x0c00ab48
 *(.rodata .rodata.*)
 .rodata.str1.4
                0x0800ab48        0x5 ./FreeRTOS/Source/tasks.o
                                  0x8 (size before relaxing)
 *fill*         0x0800ab4d        0x3 
 .rodata.str1.4
                0x0800ab50       0x10 ./FreeRTOS/Source/timers.o
 .rodata        0x0800ab60        0x8 ./FreeRTOS-Plus-TCP/portable/NetworkInterface/board_family/NetworkInterface.o
 .rodata.port_control_l.8951
                0x0800ab68        0x4 ./FreeRTOS-Plus-TCP/portable/NetworkInterface/board_family/NetworkInterface.o
 .rodata.str1.4
                0x0800ab6c        0xa ./FreeRTOS-Plus-TCP/portable/NetworkInterface/board_family/NetworkInterface.o
                                  0xc (size before relaxing)
 *fill*         0x0800ab76        0x2 
 .rodata.str1.4
                0x0800ab78        0xa ./FreeRTOS-Plus-TCP/portable/BufferManagement/BufferAllocation_2.o
                                  0xc (size before relaxing)
 *fill*         0x0800ab82        0x2 
 .rodata.xBufferAllocFixedSize
                0x0800ab84        0x4 ./FreeRTOS-Plus-TCP/portable/BufferManagement/BufferAllocation_2.o
                0x0800ab84                xBufferAllocFixedSize
 .rodata.xDefaultPartARPPacketHeader.6860
                0x0800ab88       0x28 ./FreeRTOS-Plus-TCP/FreeRTOS_ARP.o
 .rodata.xBroadcastMACAddress
                0x0800abb0        0x8 ./FreeRTOS-Plus-TCP/FreeRTOS_IP.o
                0x0800abb0                xBroadcastMACAddress
 .rodata.xNetworkDownEvent.6942
                0x0800abb8        0x8 ./FreeRTOS-Plus-TCP/FreeRTOS_IP.o
 .rodata.str1.4
                0x0800abc0       0xbf ./FreeRTOS-Plus-TCP/FreeRTOS_IP.o
                                 0xc0 (size before relaxing)
 *fill*         0x0800ac7f        0x1 
 .rodata._ZL16sg_eth_gpio_pins
                0x0800ac80       0xc8 ./Driver/GPIO/src/dri_gpio_pins.o
 .rodata._ZL12sg_gpio_pins
                0x0800ad48       0x50 ./Driver/GPIO/src/dri_gpio_pins.o
 .rodata.str1.4
                0x0800ad98       0x1b ./App/src/client_task.o
                                 0x1c (size before relaxing)
 *fill*         0x0800adb3        0x1 
 .rodata.str1.4
                0x0800adb4       0x33 ./App/src/server_task.o
                                 0x34 (size before relaxing)
 *fill*         0x0800ade7        0x1 
 .rodata._ZTV9LedTask__
                0x0800ade8       0x10 ./main.o
                0x0800ade8                vtable for LedTask__
 .rodata._ZZ4mainE18ucDNSServerAddress
                0x0800adf8        0x4 ./main.o
 .rodata._ZZ4mainE16ucGatewayAddress
                0x0800adfc        0x4 ./main.o
 .rodata.str1.4
                0x0800ae00       0x18 ./main.o
 .rodata._ZZ4mainE11ucIPAddress
                0x0800ae18        0x4 ./main.o
 .rodata._ZZ4mainE9ucNetMask
                0x0800ae1c        0x4 ./main.o
 *(.gnu.linkonce.r*)

.rel.dyn        0x0800ae20        0x0 load address 0x0c00ae20
 .rel.iplt      0x00000000        0x0 ./Startup/_boot_init.o
                0x0800ae20                . = ALIGN (0x10)
                0x0c00ae20                eROData = (. | 0x4000000)

Stack           0x20000000      0x800
                0x20000800                . = (. + stack_size)
 *fill*         0x20000000      0x800 
                0x20000800                __Xmc4500_stack = .

Communication_Buffers
                0x30000000     0x30a0
 *(ETH_RAM)
 ETH_RAM        0x30000000     0x30a0 ./FreeRTOS-Plus-TCP/portable/NetworkInterface/board_family/NetworkInterface.o
 *(USB_RAM)
 *DMA_Descriptors.o(COMMON)

.bss            0x20000800     0xcd64
                0x20000800                __Xmc4500_sBSS = .
 *(.bss)
 *(.bss*)
 .bss.ucMaxSysCallPriority
                0x20000800        0x1 ./FreeRTOS/Source/portable/GCC/ARM_CM4F/port.o
 *fill*         0x20000801        0x3 
 .bss.ulMaxPRIGROUPValue
                0x20000804        0x4 ./FreeRTOS/Source/portable/GCC/ARM_CM4F/port.o
 .bss.xNumOfOverflows
                0x20000808        0x4 ./FreeRTOS/Source/tasks.o
 .bss.pxDelayedTaskList
                0x2000080c        0x4 ./FreeRTOS/Source/tasks.o
 .bss.xSchedulerRunning
                0x20000810        0x4 ./FreeRTOS/Source/tasks.o
 .bss.xTasksWaitingTermination
                0x20000814       0x14 ./FreeRTOS/Source/tasks.o
 .bss.pxOverflowDelayedTaskList
                0x20000828        0x4 ./FreeRTOS/Source/tasks.o
 .bss.xPendedTicks
                0x2000082c        0x4 ./FreeRTOS/Source/tasks.o
 .bss.pxReadyTasksLists
                0x20000830       0xc8 ./FreeRTOS/Source/tasks.o
 .bss.uxSchedulerSuspended
                0x200008f8        0x4 ./FreeRTOS/Source/tasks.o
 .bss.pxCurrentTCB
                0x200008fc        0x4 ./FreeRTOS/Source/tasks.o
                0x200008fc                pxCurrentTCB
 .bss.xPendingReadyList
                0x20000900       0x14 ./FreeRTOS/Source/tasks.o
 .bss.xDelayedTaskList1
                0x20000914       0x14 ./FreeRTOS/Source/tasks.o
 .bss.xTickCount
                0x20000928        0x4 ./FreeRTOS/Source/tasks.o
 .bss.xNextTaskUnblockTime
                0x2000092c        0x4 ./FreeRTOS/Source/tasks.o
 .bss.xDelayedTaskList2
                0x20000930       0x14 ./FreeRTOS/Source/tasks.o
 .bss.uxTaskNumber
                0x20000944        0x4 ./FreeRTOS/Source/tasks.o
 .bss.uxCurrentNumberOfTasks
                0x20000948        0x4 ./FreeRTOS/Source/tasks.o
 .bss.uxDeletedTasksWaitingCleanUp
                0x2000094c        0x4 ./FreeRTOS/Source/tasks.o
 .bss.xIdleTaskHandle
                0x20000950        0x4 ./FreeRTOS/Source/tasks.o
 .bss.xSuspendedTaskList
                0x20000954       0x14 ./FreeRTOS/Source/tasks.o
 .bss.uxTopReadyPriority
                0x20000968        0x4 ./FreeRTOS/Source/tasks.o
 .bss.xYieldPending
                0x2000096c        0x4 ./FreeRTOS/Source/tasks.o
 .bss.pxCurrentTimerList
                0x20000970        0x4 ./FreeRTOS/Source/timers.o
 .bss.xActiveTimerList1
                0x20000974       0x14 ./FreeRTOS/Source/timers.o
 .bss.xActiveTimerList2
                0x20000988       0x14 ./FreeRTOS/Source/timers.o
 .bss.xTimerQueue
                0x2000099c        0x4 ./FreeRTOS/Source/timers.o
 .bss.pxOverflowTimerList
                0x200009a0        0x4 ./FreeRTOS/Source/timers.o
 .bss.xTimerTaskHandle
                0x200009a4        0x4 ./FreeRTOS/Source/timers.o
 .bss.xLastTime.5394
                0x200009a8        0x4 ./FreeRTOS/Source/timers.o
 .bss.xNumberOfSuccessfulAllocations
                0x200009ac        0x4 ./FreeRTOS/MemMang/heap_4.o
 .bss.xFreeBytesRemaining
                0x200009b0        0x4 ./FreeRTOS/MemMang/heap_4.o
 .bss.pxEnd     0x200009b4        0x4 ./FreeRTOS/MemMang/heap_4.o
 .bss.xStart    0x200009b8        0x8 ./FreeRTOS/MemMang/heap_4.o
 .bss.xNumberOfSuccessfulFrees
                0x200009c0        0x4 ./FreeRTOS/MemMang/heap_4.o
 .bss.ucHeap    0x200009c4     0xc000 ./FreeRTOS/MemMang/heap_4.o
 .bss.xBlockAllocatedBit
                0x2000c9c4        0x4 ./FreeRTOS/MemMang/heap_4.o
 .bss.xMinimumEverFreeBytesRemaining
                0x2000c9c8        0x4 ./FreeRTOS/MemMang/heap_4.o
 .bss.xEMACTaskHandle
                0x2000c9cc        0x4 ./FreeRTOS-Plus-TCP/portable/NetworkInterface/board_family/NetworkInterface.o
 .bss.status_l.8979
                0x2000c9d0        0x4 ./FreeRTOS-Plus-TCP/portable/NetworkInterface/board_family/NetworkInterface.o
 .bss.xEthRxEventMutex
                0x2000c9d4        0x4 ./FreeRTOS-Plus-TCP/portable/NetworkInterface/board_family/NetworkInterface.o
 .bss.xEthTxEventMutex
                0x2000c9d8        0x4 ./FreeRTOS-Plus-TCP/portable/NetworkInterface/board_family/NetworkInterface.o
 .bss.xEthRxEventSemaphore
                0x2000c9dc        0x4 ./FreeRTOS-Plus-TCP/portable/NetworkInterface/board_family/NetworkInterface.o
 .bss.xNetworkBufferDescriptors
                0x2000c9e0      0x870 ./FreeRTOS-Plus-TCP/portable/BufferManagement/BufferAllocation_2.o
 .bss.xNetworkBufferSemaphore
                0x2000d250        0x4 ./FreeRTOS-Plus-TCP/portable/BufferManagement/BufferAllocation_2.o
 .bss.xFreeBuffersList
                0x2000d254       0x14 ./FreeRTOS-Plus-TCP/portable/BufferManagement/BufferAllocation_2.o
 .bss.uxMinimumFreeNetworkBuffers
                0x2000d268        0x4 ./FreeRTOS-Plus-TCP/portable/BufferManagement/BufferAllocation_2.o
 .bss.xLastGratuitousARPTime
                0x2000d26c        0x4 ./FreeRTOS-Plus-TCP/FreeRTOS_ARP.o
 .bss.xARPCache
                0x2000d270       0x48 ./FreeRTOS-Plus-TCP/FreeRTOS_ARP.o
 .bss.xCallbackList
                0x2000d2b8       0x14 ./FreeRTOS-Plus-TCP/FreeRTOS_DNS.o
 .bss.xFreeEntry.7065
                0x2000d2cc        0x4 ./FreeRTOS-Plus-TCP/FreeRTOS_DNS.o
 .bss.xDNSCache
                0x2000d2d0       0x70 ./FreeRTOS-Plus-TCP/FreeRTOS_DNS.o
 .bss.xDNSTimer
                0x2000d340       0x14 ./FreeRTOS-Plus-TCP/FreeRTOS_IP.o
 .bss.xDefaultAddressing
                0x2000d354       0x14 ./FreeRTOS-Plus-TCP/FreeRTOS_IP.o
                0x2000d354                xDefaultAddressing
 .bss.xNetworkEventQueue
                0x2000d368        0x4 ./FreeRTOS-Plus-TCP/FreeRTOS_IP.o
                0x2000d368                xNetworkEventQueue
 .bss.xNetworkAddressing
                0x2000d36c       0x14 ./FreeRTOS-Plus-TCP/FreeRTOS_IP.o
                0x2000d36c                xNetworkAddressing
 .bss.xCallEventHook.7043
                0x2000d380        0x4 ./FreeRTOS-Plus-TCP/FreeRTOS_IP.o
 .bss.xNetworkUp
                0x2000d384        0x4 ./FreeRTOS-Plus-TCP/FreeRTOS_IP.o
 .bss.xARPTimer
                0x2000d388       0x14 ./FreeRTOS-Plus-TCP/FreeRTOS_IP.o
 .bss.xIPTaskInitialised
                0x2000d39c        0x4 ./FreeRTOS-Plus-TCP/FreeRTOS_IP.o
 .bss.xNetworkDownEventPending
                0x2000d3a0        0x4 ./FreeRTOS-Plus-TCP/FreeRTOS_IP.o
 .bss.xTCPTimer
                0x2000d3a4       0x14 ./FreeRTOS-Plus-TCP/FreeRTOS_IP.o
 .bss.usPacketIdentifier
                0x2000d3b8        0x2 ./FreeRTOS-Plus-TCP/FreeRTOS_IP.o
                0x2000d3b8                usPacketIdentifier
 *fill*         0x2000d3ba        0x2 
 .bss.xIPTaskHandle
                0x2000d3bc        0x4 ./FreeRTOS-Plus-TCP/FreeRTOS_IP.o
 .bss.xProcessedTCPMessage
                0x2000d3c0        0x4 ./FreeRTOS-Plus-TCP/FreeRTOS_IP.o
 .bss.xLastTime.7250
                0x2000d3c4        0x4 ./FreeRTOS-Plus-TCP/FreeRTOS_Sockets.o
 .bss.xBoundUDPSocketsList
                0x2000d3c8       0x14 ./FreeRTOS-Plus-TCP/FreeRTOS_Sockets.o
 .bss.xBoundRAWSocketsList
                0x2000d3dc       0x14 ./FreeRTOS-Plus-TCP/FreeRTOS_Sockets.o
 .bss.xTCPSegments
                0x2000d3f0        0x4 ./FreeRTOS-Plus-TCP/FreeRTOS_TCP_WIN.o
 .bss.xSegmentList
                0x2000d3f4       0x14 ./FreeRTOS-Plus-TCP/FreeRTOS_TCP_WIN.o
 .bss.UART_Channel_0_Control
                0x2000d408       0x1c ./Driver/UART/cfg/src/dri_uart_conf.o
                0x2000d408                UART_Channel_0_Control
 .bss.CAN_GlobalControl
                0x2000d424        0x4 ./Driver/CAN/cfg/src/dri_can_conf.o
 .bss.ulNextRand
                0x2000d428        0x4 ./rtos_hooks.o
 *(EXCLUDE_FILE(*DMA_Descriptors.o) COMMON)
 COMMON         0x2000d42c        0x9 ./Startup/_boot_init.o
                0x2000d42c                gResetReason
                0x2000d430                gBootMode
                0x2000d434                gSystemState
 *fill*         0x2000d435        0x3 
 COMMON         0x2000d438       0x80 ./Libraries/XMCLib/src/xmc4_scu.o
                0x2000d438                event_handler_list
 COMMON         0x2000d4b8       0x40 ./FreeRTOS/Source/queue.o
                0x2000d4b8                xQueueRegistry
 COMMON         0x2000d4f8       0x14 ./FreeRTOS-Plus-TCP/FreeRTOS_Sockets.o
                0x2000d4f8                xBoundTCPSocketsList
 COMMON         0x2000d50c        0x4 ./Driver/SCU/cfg/src/dri_scu_conf.o
                0x2000d50c                SCU_Control
 COMMON         0x2000d510       0x4c ./Driver/RTC/cfg/src/dri_rtc_conf.o
                0x2000d510                RTC_Control
 COMMON         0x2000d55c        0x8 ./Driver/CAN/cfg/src/dri_can_conf.o
                0x2000d55c                CAN1_Node_Control
                0x2000d560                CAN2_Node_Control
 *(.gnu.linkonce.b*)
                0x2000d564                __Xmc4500_eBSS = ALIGN (0x4)
                0x0000cd64                __Xmc4500_BSS_Size = (__Xmc4500_eBSS - __Xmc4500_sBSS)

.data           0x2000d570      0x29c load address 0x0c00ae20
                0x2000d570                __Xmc4500_sData = .
 *(.data)
 *(.data*)
 .data.SystemCoreClock
                0x2000d570        0x4 ./Startup/system_XMC4500.o
                0x2000d570                SystemCoreClock
 .data.uxCriticalNesting
                0x2000d574        0x4 ./FreeRTOS/Source/portable/GCC/ARM_CM4F/port.o
 .data.ethernet_mac_handle
                0x2000d578       0x30 ./FreeRTOS-Plus-TCP/portable/NetworkInterface/board_family/NetworkInterface.o
 .data.xDefaultPartRAWPacketHeader
                0x2000d5a8       0x18 ./FreeRTOS-Plus-TCP/FreeRTOS_UDP_IP.o
                0x2000d5a8                xDefaultPartRAWPacketHeader
 .data.xDefaultPartUDPPacketHeader
                0x2000d5c0       0x18 ./FreeRTOS-Plus-TCP/FreeRTOS_UDP_IP.o
                0x2000d5c0                xDefaultPartUDPPacketHeader
 .data.UART_Channel_0_Configuration
                0x2000d5d8       0x20 ./Driver/UART/cfg/src/dri_uart_conf.o
                0x2000d5d8                UART_Channel_0_Configuration
 .data.UART_Channel_0
                0x2000d5f8        0xc ./Driver/UART/cfg/src/dri_uart_conf.o
                0x2000d5f8                UART_Channel_0
 .data.UART_Channel_0_Callbacks
                0x2000d604        0x4 ./Driver/UART/cfg/src/dri_uart_conf.o
                0x2000d604                UART_Channel_0_Callbacks
 .data.UART_Api_Functions
                0x2000d608       0x14 ./Driver/UART/cfg/src/dri_uart_conf.o
                0x2000d608                UART_Api_Functions
 .data.SCU_Callbacks
                0x2000d61c        0x4 ./Driver/SCU/cfg/src/dri_scu_conf.o
                0x2000d61c                SCU_Callbacks
 .data.SCU_WDT_Configuration
                0x2000d620        0xc ./Driver/SCU/cfg/src/dri_scu_conf.o
                0x2000d620                SCU_WDT_Configuration
 .data.SCU_InterruptConfiguration
                0x2000d62c        0x4 ./Driver/SCU/cfg/src/dri_scu_conf.o
                0x2000d62c                SCU_InterruptConfiguration
 .data.SCU_GlobalConfiguration
                0x2000d630       0x28 ./Driver/SCU/cfg/src/dri_scu_conf.o
                0x2000d630                SCU_GlobalConfiguration
 .data.SCU      0x2000d658        0xc ./Driver/SCU/cfg/src/dri_scu_conf.o
                0x2000d658                SCU
 .data.RTC_Callback
                0x2000d664        0x4 ./Driver/RTC/cfg/src/dri_rtc_conf.o
                0x2000d664                RTC_Callback
 .data.RTC_Configuration
                0x2000d668        0xc ./Driver/RTC/cfg/src/dri_rtc_conf.o
                0x2000d668                RTC_Configuration
 .data.RTC_     0x2000d674        0xc ./Driver/RTC/cfg/src/dri_rtc_conf.o
                0x2000d674                RTC_
 .data.RTC_ChannelConfiguration
                0x2000d680       0x14 ./Driver/RTC/cfg/src/dri_rtc_conf.o
                0x2000d680                RTC_ChannelConfiguration
 .data.CAN_Global
                0x2000d694        0x8 ./Driver/CAN/cfg/src/dri_can_conf.o
                0x2000d694                CAN_Global
 .data.CAN2_Node_Callback
                0x2000d69c        0x4 ./Driver/CAN/cfg/src/dri_can_conf.o
                0x2000d69c                CAN2_Node_Callback
 .data.CAN2_MO_Interrupt_Configuration
                0x2000d6a0        0x8 ./Driver/CAN/cfg/src/dri_can_conf.o
                0x2000d6a0                CAN2_MO_Interrupt_Configuration
 .data.CAN2_BitConfiguration
                0x2000d6a8        0xc ./Driver/CAN/cfg/src/dri_can_conf.o
 .data.CAN1_BitConfiguration
                0x2000d6b4        0xc ./Driver/CAN/cfg/src/dri_can_conf.o
 .data.CAN_GlobalConfiguration
                0x2000d6c0        0xc ./Driver/CAN/cfg/src/dri_can_conf.o
 .data.CAN1_Node_Callback
                0x2000d6cc        0x4 ./Driver/CAN/cfg/src/dri_can_conf.o
                0x2000d6cc                CAN1_Node_Callback
 .data.CAN1_MessageObject_Receiver
                0x2000d6d0       0x20 ./Driver/CAN/cfg/src/dri_can_conf.o
 .data.CAN2_MessageObject_Receiver
                0x2000d6f0       0x20 ./Driver/CAN/cfg/src/dri_can_conf.o
 .data.CAN1_Event_Interrupt_Configuration
                0x2000d710        0x8 ./Driver/CAN/cfg/src/dri_can_conf.o
                0x2000d710                CAN1_Event_Interrupt_Configuration
 .data.CAN2_Events
                0x2000d718       0x10 ./Driver/CAN/cfg/src/dri_can_conf.o
                0x2000d718                CAN2_Events
 .data.CAN1_MessageObject_Transmitter
                0x2000d728       0x20 ./Driver/CAN/cfg/src/dri_can_conf.o
 .data.CAN2_Interrupt_Configuration
                0x2000d748        0x8 ./Driver/CAN/cfg/src/dri_can_conf.o
                0x2000d748                CAN2_Interrupt_Configuration
 .data.CAN2_Node_Configuration
                0x2000d750       0x28 ./Driver/CAN/cfg/src/dri_can_conf.o
                0x2000d750                CAN2_Node_Configuration
 .data.CAN1_MO_Interrupt_Configuration
                0x2000d778        0x8 ./Driver/CAN/cfg/src/dri_can_conf.o
                0x2000d778                CAN1_MO_Interrupt_Configuration
 .data.CAN1_Interrupt_Configuration
                0x2000d780        0x8 ./Driver/CAN/cfg/src/dri_can_conf.o
                0x2000d780                CAN1_Interrupt_Configuration
 .data.CAN1_Node_Configuration
                0x2000d788       0x28 ./Driver/CAN/cfg/src/dri_can_conf.o
                0x2000d788                CAN1_Node_Configuration
 .data.CAN2_Event_Interrupt_Configuration
                0x2000d7b0        0x8 ./Driver/CAN/cfg/src/dri_can_conf.o
                0x2000d7b0                CAN2_Event_Interrupt_Configuration
 .data.CAN1_Events
                0x2000d7b8       0x10 ./Driver/CAN/cfg/src/dri_can_conf.o
                0x2000d7b8                CAN1_Events
 .data.CAN1     0x2000d7c8        0xc ./Driver/CAN/cfg/src/dri_can_conf.o
                0x2000d7c8                CAN1
 .data.CAN2     0x2000d7d4        0xc ./Driver/CAN/cfg/src/dri_can_conf.o
                0x2000d7d4                CAN2
 .data.CAN2_MessageObject_Transmitter
                0x2000d7e0       0x20 ./Driver/CAN/cfg/src/dri_can_conf.o
 .data.rus_task_name
                0x2000d800        0x4 ./App/src/server_task.o
                0x2000d800                rus_task_name
 .data._ZZ4mainE12ucMACAddress
                0x2000d804        0x8 ./main.o
 *(*.data)
 *(.gnu.linkonce.d*)
                0x2000d80c                __Xmc4500_eData = ALIGN (0x4)
                0x0000029c                __Xmc4500_Data_Size = (__Xmc4500_eData - __Xmc4500_sData)

.igot.plt       0x2000d80c        0x0 load address 0x0c00b0bc
 .igot.plt      0x00000000        0x0 ./Startup/_boot_init.o

.ram_code       0x2000d80c        0x0 load address 0x0c00b0bc
                0x2000d80c                __Xmc4500_sRamCode = .
 *(.ram_code)
                0x2000d80c                . = ALIGN (0x4)
                0x2000d80c                __Xmc4500_eRamCode = .
                0x0c00b0bc                __Xmc4500_Ram_Code_Load = (eROData + __Xmc4500_Data_Size)
                0x00000000                __Xmc4500_Ram_Code_Size = (__Xmc4500_eRamCode - __Xmc4500_sRamCode)
                0x2000d810                __Xmc4500_heap_start = ALIGN (0x8)
                0x20010000                __Xmc4500_heap_end = (ORIGIN (DSRAM_1_system) + 0x10000)
                0x2000d810                Heap_Bank1_Start = __Xmc4500_heap_start
                0x000027f0                Heap_Bank1_Size = (__Xmc4500_heap_end - __Xmc4500_heap_start)
                0x20010000                Heap_Bank1_End = ABSOLUTE (__Xmc4500_heap_end)

DSRAM2_Heap     0x300030a0        0x0
                0x300030a0                Heap_Bank2_Start = .
                0x00004f60                Heap_Bank2_Size = (0x8000 - (Heap_Bank2_Start - ORIGIN (DSRAM_2_comm)))

PSRAM_Heap      0x10000000        0x0
                0x10000000                Heap_Bank3_Start = .
                0x00010000                Heap_Bank3_Size = (0x10000 - (Heap_Bank3_Start - ORIGIN (PSRAM_1)))

/DISCARD/
 *(.comment)

.stab
 *(.stab)

.stabstr
 *(.stabstr)

.debug
 *(.debug)

.line
 *(.line)

.debug_srcinfo
 *(.debug_srcinfo)

.debug_sfnames
 *(.debug_sfnames)

.debug_aranges  0x00000000     0x17e0
 *(.debug_aranges)
 .debug_aranges
                0x00000000       0x20 ./Startup/_boot_init.o
 .debug_aranges
                0x00000020       0x28 ./Startup/_startup.o
 .debug_aranges
                0x00000048       0x38 ./Startup/startup_XMC4500.o
 .debug_aranges
                0x00000080       0x28 ./Startup/system_XMC4500.o
 .debug_aranges
                0x000000a8       0x28 ./Libraries/XMCLib/src/xmc4_gpio.o
 .debug_aranges
                0x000000d0       0x60 ./Libraries/XMCLib/src/xmc4_rtc.o
 .debug_aranges
                0x00000130      0x398 ./Libraries/XMCLib/src/xmc4_scu.o
 .debug_aranges
                0x000004c8       0xe8 ./Libraries/XMCLib/src/xmc_can.o
 .debug_aranges
                0x000005b0      0x148 ./Libraries/XMCLib/src/xmc_eth_mac.o
 .debug_aranges
                0x000006f8       0x58 ./Libraries/XMCLib/src/xmc_eth_phy_ksz8081rnb.o
 .debug_aranges
                0x00000750       0x28 ./Libraries/XMCLib/src/xmc_gpio.o
 .debug_aranges
                0x00000778       0x78 ./Libraries/XMCLib/src/xmc_rtc.o
 .debug_aranges
                0x000007f0       0x50 ./Libraries/XMCLib/src/xmc_uart.o
 .debug_aranges
                0x00000840       0x80 ./Libraries/XMCLib/src/xmc_usic.o
 .debug_aranges
                0x000008c0       0x30 ./Libraries/XMCLib/src/xmc_wdt.o
 .debug_aranges
                0x000008f0       0x80 ./FreeRTOS/Source/portable/GCC/ARM_CM4F/port.o
 .debug_aranges
                0x00000970       0x70 ./FreeRTOS/Source/event_groups.o