   1              	 .syntax unified
   2              	 .cpu cortex-m4
   3              	 .eabi_attribute 27,3
   4              	 .eabi_attribute 28,1
   5              	 .fpu fpv4-sp-d16
   6              	 .eabi_attribute 23,1
   7              	 .eabi_attribute 24,1
   8              	 .eabi_attribute 25,1
   9              	 .eabi_attribute 26,1
  10              	 .eabi_attribute 30,1
  11              	 .eabi_attribute 34,1
  12              	 .eabi_attribute 18,4
  13              	 .thumb
  14              	 .file "croutine.c"
  15              	 .text
  16              	.Ltext0:
  17              	 .cfi_sections .debug_frame
  18              	.Letext0:
DEFINED SYMBOLS
                            *ABS*:00000000 croutine.c
                           .group:00000000 wm4.0.3466fc6a3db32493c997d085de4c7a28
                           .group:00000000 wm4.stddef.h.39.c744ceb84abf2f8351653f0e2622da1c
                           .group:00000000 wm4.features.h.22.bee0aee4a3878f51861c775df98fa3ea
                           .group:00000000 wm4._default_types.h.15.933e8edd27a65e0b69af4a865eb623d2
                           .group:00000000 wm4._intsup.h.10.ca9f32a61b410c270a48d1161ca2c217
                           .group:00000000 wm4.stdint.h.22.f4a337c398d8b6d821a97202448bc0d0
                           .group:00000000 wm4.FreeRTOSConfig.h.30.aa43eb1cb33228d5c7e359a94d48589b
                           .group:00000000 wm4.projdefs.h.28.d6a7c9061b707820f2fcf4c2ff5d9f24
                           .group:00000000 wm4.portmacro.h.30.2ddc2eaf2e032c76c597fb78c4365041
                           .group:00000000 wm4.portable.h.63.e9cc508c3850f44ce542149380c67812
                           .group:00000000 wm4.mpu_wrappers.h.28.163fb40577cf8d1578015ea3f2ff4cdb
                           .group:00000000 wm4.FreeRTOS.h.67.9945f39eea4ddeb224c0782392206292
                           .group:00000000 wm4.list.h.57.02ec67e07eacffe5ca7cfb7326896236
                           .group:00000000 wm4.task.h.47.2d3fe49a094b8ec1e3e6aac441e8db21
                           .group:00000000 wm4.croutine.h.28.50f2870eefca5e8af646b2b8e30df2f1

NO UNDEFINED SYMBOLS
